<html>
<body>
<pre>
<h1>µVision Build Log</h1>
<h2>Tool Versions:</h2>
IDE-Version: ¦ÌVision V5.14.0.0
Copyright (C) 2015 ARM Ltd and ARM Germany GmbH. All rights reserved.
License Information: 1 Tom, 1, LIC=UJWP0-BZ68D-VE5HA-1PZ39-IEFBM-8WH9I
 
Tool Versions:
Toolchain:       MDK-ARM Standard  Version: 5.14.0.0
Toolchain Path:  D:\_Development\Keil5_1\ARM\ARMCC\Bin
C Compiler:      Armcc.exe V5.05 update 1 (build 106)
Assembler:       Armasm.exe V5.05 update 1 (build 106)
Linker/Locator:  ArmLink.exe V5.05 update 1 (build 106)
Library Manager: ArmAr.exe V5.05 update 1 (build 106)
Hex Converter:   FromElf.exe V5.05 update 1 (build 106)
CPU DLL:         SARMCM3.DLL V5.14.0.0
Dialog DLL:      DCM.DLL V1.13.1.0
Target DLL:      STLink\ST-LINKIII-KEIL_SWO.dll V2.0.14.0_KEIL
Dialog DLL:      TCM.DLL V1.14.4.0
 
<h2>Project:</h2>
C:\Users\Tom\Desktop\stm32SmartHome\stm32SmartHome.uvprojx
Project File Date:  06/11/2022

<h2>Output:</h2>
Rebuild target 'Target 1'
compiling main.c...
compiling stm32f10x_it.c...
compiling system_stm32f10x.c...
compiling beep.c...
compiling bh1750.c...
compiling dht11.c...
compiling key.c...
compiling led.c...
compiling delay.c...
compiling exti.c...
compiling sys.c...
compiling timer.c...
compiling usart.c...
compiling core_cm3.c...
assembling startup_stm32f10x_md.s...
compiling misc.c...
compiling stm32f10x_exti.c...
compiling stm32f10x_gpio.c...
compiling stm32f10x_rcc.c...
compiling stm32f10x_tim.c...
compiling stm32f10x_usart.c...
compiling cJSON.c...
NET\cJSON\cJSON.c(55): warning:  #1293-D: assignment in condition
        if (!(copy = (char*)cJSON_malloc(len))) return 0;
NET\cJSON\cJSON.c(278): warning:  #1293-D: assignment in condition
        ptr=str;while ((token=*ptr) && ++len) {if (strchr("\"\\\b\f\n\r\t",token)) len++; else if (token<32) len+=5;ptr++;}
NET\cJSON\cJSON.c(352): warning:  #111-D: statement is unreachable
        return p.buffer;
NET\cJSON\cJSON.c(423): warning:  #1293-D: assignment in condition
                if (!(new_item=cJSON_New_Item())) return 0;     /* memory fail */
NET\cJSON\cJSON.c(535): warning:  #1293-D: assignment in condition
                if (!(new_item=cJSON_New_Item()))       return 0; /* memory fail */
NET\cJSON\cJSON.c: 5 warnings, 0 errors
compiling esp8266.c...
compiling MqttKit.c...
compiling onenet.c...
NET\onenet\onenet.c(216): warning:  #177-D: variable "json_value_LED" was declared but never referenced
        cJSON *json , *json_value, *json_value_LED, *json_value_BEEP;
NET\onenet\onenet.c(216): warning:  #177-D: variable "json_value_BEEP" was declared but never referenced
        cJSON *json , *json_value, *json_value_LED, *json_value_BEEP;
NET\onenet\onenet.c: 2 warnings, 0 errors
linking...
Program Size: Code=28152 RO-data=1120 RW-data=88 ZI-data=2016  
FromELF: creating hex file...
".\Objects\stm32SmartHome.axf" - 0 Error(s), 7 Warning(s).

<h2>Collection of Component include folders:</h2>
  C:\Users\Tom\Desktop\stm32SmartHome\RTE
  D:\_Development\Keil5_1\ARM\PACK\Keil\STM32F1xx_DFP\2.2.0

<h2>Collection of Component Files used:</h2>
</pre>
</body>
</html>
