Component: ARM Compiler 5.05 update 1 (build 106) Tool: armlink [4d0efa]

==============================================================================

Section Cross References

    main.o(i.main) refers to _printf_percent.o(.ARM.Collect$$_printf_percent$$00000000) for _printf_percent
    main.o(i.main) refers to _printf_d.o(.ARM.Collect$$_printf_percent$$00000009) for _printf_d
    main.o(i.main) refers to _printf_f.o(.ARM.Collect$$_printf_percent$$00000003) for _printf_f
    main.o(i.main) refers to _printf_dec.o(.text) for _printf_int_dec
    main.o(i.main) refers to printf1.o(x$fpl$printf1) for _printf_fp_dec
    main.o(i.main) refers to usart.o(i.Usart1_Init) for Usart1_Init
    main.o(i.main) refers to usart.o(i.DEBUG_LOG) for DEBUG_LOG
    main.o(i.main) refers to delay.o(i.delay_init) for delay_init
    main.o(i.main) refers to misc.o(i.NVIC_PriorityGroupConfig) for NVIC_PriorityGroupConfig
    main.o(i.main) refers to led.o(i.LED_Init) for LED_Init
    main.o(i.main) refers to key.o(i.KEY_Init) for KEY_Init
    main.o(i.main) refers to exti.o(i.EXTIX_Init) for EXTIX_Init
    main.o(i.main) refers to beep.o(i.BEEP_Init) for BEEP_Init
    main.o(i.main) refers to dht11.o(i.DHT11_Init) for DHT11_Init
    main.o(i.main) refers to bh1750.o(i.BH1750_Init) for BH1750_Init
    main.o(i.main) refers to usart.o(i.Usart2_Init) for Usart2_Init
    main.o(i.main) refers to esp8266.o(i.ESP8266_Init) for ESP8266_Init
    main.o(i.main) refers to delay.o(i.delay_ms) for delay_ms
    main.o(i.main) refers to onenet.o(i.OneNet_DevLink) for OneNet_DevLink
    main.o(i.main) refers to timer.o(i.TIM2_Int_Init) for TIM2_Int_Init
    main.o(i.main) refers to timer.o(i.TIM3_Int_Init) for TIM3_Int_Init
    main.o(i.main) refers to onenet.o(i.OneNet_Subscribe) for OneNet_Subscribe
    main.o(i.main) refers to dht11.o(i.DHT11_Read_Data) for DHT11_Read_Data
    main.o(i.main) refers to bh1750.o(i.i2c_CheckDevice) for i2c_CheckDevice
    main.o(i.main) refers to bh1750.o(i.LIght_Intensity) for LIght_Intensity
    main.o(i.main) refers to stm32f10x_gpio.o(i.GPIO_ReadInputDataBit) for GPIO_ReadInputDataBit
    main.o(i.main) refers to fleqf.o(x$fpl$fleqf) for __aeabi_cfcmple
    main.o(i.main) refers to f2d.o(x$fpl$f2d) for __aeabi_f2d
    main.o(i.main) refers to __2sprintf.o(.text) for __2sprintf
    main.o(i.main) refers to onenet.o(i.OneNet_Publish) for OneNet_Publish
    main.o(i.main) refers to esp8266.o(i.ESP8266_Clear) for ESP8266_Clear
    main.o(i.main) refers to esp8266.o(i.ESP8266_GetIPD) for ESP8266_GetIPD
    main.o(i.main) refers to onenet.o(i.OneNet_RevPro) for OneNet_RevPro
    main.o(i.main) refers to main.o(.data) for devSubTopic
    main.o(i.main) refers to main.o(.conststring) for .conststring
    main.o(i.main) refers to main.o(.bss) for PUB_BUF
    main.o(i.main) refers to main.o(.constdata) for devPubTopic
    main.o(.data) refers to main.o(.conststring) for .conststring
    system_stm32f10x.o(i.SetSysClock) refers to system_stm32f10x.o(i.SetSysClockTo72) for SetSysClockTo72
    system_stm32f10x.o(i.SystemCoreClockUpdate) refers to system_stm32f10x.o(.data) for SystemCoreClock
    system_stm32f10x.o(i.SystemInit) refers to system_stm32f10x.o(i.SetSysClock) for SetSysClock
    beep.o(i.BEEP_Init) refers to stm32f10x_rcc.o(i.RCC_APB2PeriphClockCmd) for RCC_APB2PeriphClockCmd
    beep.o(i.BEEP_Init) refers to stm32f10x_gpio.o(i.GPIO_Init) for GPIO_Init
    beep.o(i.BEEP_Init) refers to stm32f10x_gpio.o(i.GPIO_SetBits) for GPIO_SetBits
    bh1750.o(i.BH1750_Byte_Write) refers to bh1750.o(i.i2c_Start) for i2c_Start
    bh1750.o(i.BH1750_Byte_Write) refers to bh1750.o(i.i2c_SendByte) for i2c_SendByte
    bh1750.o(i.BH1750_Byte_Write) refers to bh1750.o(i.i2c_WaitAck) for i2c_WaitAck
    bh1750.o(i.BH1750_Byte_Write) refers to bh1750.o(i.i2c_Stop) for i2c_Stop
    bh1750.o(i.BH1750_Init) refers to bh1750.o(i.I2C_BH1750_GPIOConfig) for I2C_BH1750_GPIOConfig
    bh1750.o(i.BH1750_Init) refers to bh1750.o(i.BH1750_Power_ON) for BH1750_Power_ON
    bh1750.o(i.BH1750_Init) refers to bh1750.o(i.BH1750_Byte_Write) for BH1750_Byte_Write
    bh1750.o(i.BH1750_Power_OFF) refers to bh1750.o(i.BH1750_Byte_Write) for BH1750_Byte_Write
    bh1750.o(i.BH1750_Power_ON) refers to bh1750.o(i.BH1750_Byte_Write) for BH1750_Byte_Write
    bh1750.o(i.BH1750_RESET) refers to bh1750.o(i.BH1750_Byte_Write) for BH1750_Byte_Write
    bh1750.o(i.BH1750_Read_Measure) refers to bh1750.o(i.i2c_Start) for i2c_Start
    bh1750.o(i.BH1750_Read_Measure) refers to bh1750.o(i.i2c_SendByte) for i2c_SendByte
    bh1750.o(i.BH1750_Read_Measure) refers to bh1750.o(i.i2c_WaitAck) for i2c_WaitAck
    bh1750.o(i.BH1750_Read_Measure) refers to bh1750.o(i.i2c_ReadByte) for i2c_ReadByte
    bh1750.o(i.BH1750_Read_Measure) refers to bh1750.o(i.i2c_Ack) for i2c_Ack
    bh1750.o(i.BH1750_Read_Measure) refers to bh1750.o(i.i2c_NAck) for i2c_NAck
    bh1750.o(i.BH1750_Read_Measure) refers to bh1750.o(i.i2c_Stop) for i2c_Stop
[...]
    pkt_id                                   0x20000054   Data           2  onenet.o(.data)
    .bss                                     0x20000058   Section      256  main.o(.bss)
    .bss                                     0x20000158   Section      128  esp8266.o(.bss)
    .bss                                     0x200001d8   Section       96  libspace.o(.bss)
    HEAP                                     0x20000238   Section      512  startup_stm32f10x_md.o(HEAP)
    Heap_Mem                                 0x20000238   Data         512  startup_stm32f10x_md.o(HEAP)
    STACK                                    0x20000438   Section     1024  startup_stm32f10x_md.o(STACK)
    Stack_Mem                                0x20000438   Data        1024  startup_stm32f10x_md.o(STACK)
    __initial_sp                             0x20000838   Data           0  startup_stm32f10x_md.o(STACK)

    Global Symbols

    Symbol Name                              Value     Ov Type        Size  Object(Section)

    BuildAttributes$$THM_ISAv4$P$D$K$B$S$PE$A:L22UL41UL21$X:L11$S22US41US21$IEEE1$IW$USESV6$~STKCKD$USESV7$~SHL$OTIME$ROPI$IEEEX$EBA8$UX$STANDARDLIB$REQ8$PRES8$EABIv2 0x00000000   Number         0  anon$$obj.o ABSOLUTE
    __ARM_use_no_argv                        0x00000000   Number         0  main.o ABSOLUTE
    _printf_flags                            0x00000000   Number         0  printf_stubs.o ABSOLUTE
    _printf_return_value                     0x00000000   Number         0  printf_stubs.o ABSOLUTE
    _printf_sizespec                         0x00000000   Number         0  printf_stubs.o ABSOLUTE
    _printf_widthprec                        0x00000000   Number         0  printf_stubs.o ABSOLUTE
    __ARM_exceptions_init                     - Undefined Weak Reference
    __alloca_initialize                       - Undefined Weak Reference
    __arm_preinit_                            - Undefined Weak Reference
    __cpp_initialize__aeabi_                  - Undefined Weak Reference
    __cxa_finalize                            - Undefined Weak Reference
    __sigvec_lookup                           - Undefined Weak Reference
    __user_heap_extent                        - Undefined Weak Reference
    _atexit_init                              - Undefined Weak Reference
    _call_atexit_fns                          - Undefined Weak Reference
    _clock_init                               - Undefined Weak Reference
    _fp_trap_init                             - Undefined Weak Reference
    _fp_trap_shutdown                         - Undefined Weak Reference
    _get_lc_collate                           - Undefined Weak Reference
    _get_lc_monetary                          - Undefined Weak Reference
    _get_lc_time                              - Undefined Weak Reference
    _getenv_init                              - Undefined Weak Reference
    _handle_redirection                       - Undefined Weak Reference
    _initio                                   - Undefined Weak Reference
    _mutex_acquire                            - Undefined Weak Reference
    _mutex_free                               - Undefined Weak Reference
    _mutex_release                            - Undefined Weak Reference
    _printf_fp_hex                            - Undefined Weak Reference
    _printf_mbtowc                            - Undefined Weak Reference
    _printf_wc                                - Undefined Weak Reference
    _rand_init                                - Undefined Weak Reference
    _signal_finish                            - Undefined Weak Reference
    _signal_init                              - Undefined Weak Reference
    _terminateio                              - Undefined Weak Reference
    __Vectors_Size                           0x000000ec   Number         0  startup_stm32f10x_md.o ABSOLUTE
    __Vectors                                0x08000000   Data           4  startup_stm32f10x_md.o(RESET)
    __Vectors_End                            0x080000ec   Data           0  startup_stm32f10x_md.o(RESET)
    __main                                   0x080000ed   Thumb Code     8  __main.o(!!!main)
    __scatterload                            0x080000f5   Thumb Code     0  __scatter.o(!!!scatter)
    __scatterload_rt2                        0x080000f5   Thumb Code    44  __scatter.o(!!!scatter)
    __scatterload_rt2_thumb_only             0x080000f5   Thumb Code     0  __scatter.o(!!!scatter)
    __scatterload_null                       0x08000103   Thumb Code     0  __scatter.o(!!!scatter)
    __scatterload_copy                       0x08000129   Thumb Code    26  __scatter_copy.o(!!handler_copy)
    __scatterload_zeroinit                   0x08000145   Thumb Code    28  __scatter_zi.o(!!handler_zi)
    _printf_n                                0x08000161   Thumb Code     0  _printf_n.o(.ARM.Collect$$_printf_percent$$00000001)
    _printf_percent                          0x08000161   Thumb Code     0  _printf_percent.o(.ARM.Collect$$_printf_percent$$00000000)
    _printf_p                                0x08000167   Thumb Code     0  _printf_p.o(.ARM.Collect$$_printf_percent$$00000002)
    _printf_f                                0x0800016d   Thumb Code     0  _printf_f.o(.ARM.Collect$$_printf_percent$$00000003)
    _printf_e                                0x08000173   Thumb Code     0  _printf_e.o(.ARM.Collect$$_printf_percent$$00000004)
    _printf_g                                0x08000179   Thumb Code     0  _printf_g.o(.ARM.Collect$$_printf_percent$$00000005)
    _printf_a                                0x0800017f   Thumb Code     0  _printf_a.o(.ARM.Collect$$_printf_percent$$00000006)
    _printf_ll                               0x08000185   Thumb Code     0  _printf_ll.o(.ARM.Collect$$_printf_percent$$00000007)
    _printf_i                                0x0800018f   Thumb Code     0  _printf_i.o(.ARM.Collect$$_printf_percent$$00000008)
    _printf_d                                0x08000195   Thumb Code     0  _printf_d.o(.ARM.Collect$$_printf_percent$$00000009)
    _printf_u                                0x0800019b   Thumb Code     0  _printf_u.o(.ARM.Collect$$_printf_percent$$0000000A)
    _printf_o                                0x080001a1   Thumb Code     0  _printf_o.o(.ARM.Collect$$_printf_percent$$0000000B)
    _printf_x                                0x080001a7   Thumb Code     0  _printf_x.o(.ARM.Collect$$_printf_percent$$0000000C)
    _printf_lli                              0x080001ad   Thumb Code     0  _printf_lli.o(.ARM.Collect$$_printf_percent$$0000000D)
    _printf_lld                              0x080001b3   Thumb Code     0  _printf_lld.o(.ARM.Collect$$_printf_percent$$0000000E)
    _printf_llu                              0x080001b9   Thumb Code     0  _printf_llu.o(.ARM.Collect$$_printf_percent$$0000000F)
    _printf_llo                              0x080001bf   Thumb Code     0  _printf_llo.o(.ARM.Collect$$_printf_percent$$00000010)
    _printf_llx                              0x080001c5   Thumb Code     0  _printf_llx.o(.ARM.Collect$$_printf_percent$$00000011)
    _printf_l                                0x080001cb   Thumb Code     0  _printf_l.o(.ARM.Collect$$_printf_percent$$00000012)
    _printf_c                                0x080001d5   Thumb Code     0  _printf_c.o(.ARM.Collect$$_printf_percent$$00000013)
    _printf_s                                0x080001db   Thumb Code     0  _printf_s.o(.ARM.Collect$$_printf_percent$$00000014)
    _printf_lc                               0x080001e1   Thumb Code     0  _printf_lc.o(.ARM.Collect$$_printf_percent$$00000015)
    _printf_ls                               0x080001e7   Thumb Code     0  _printf_ls.o(.ARM.Collect$$_printf_percent$$00000016)
    _printf_percent_end                      0x080001ed   Thumb Code     0  _printf_percent_end.o(.ARM.Collect$$_printf_percent$$00000017)
    __rt_lib_init                            0x080001f1   Thumb Code     0  libinit.o(.ARM.Collect$$libinit$$00000000)
    __rt_lib_init_fp_1                       0x080001f3   Thumb Code     0  libinit2.o(.ARM.Collect$$libinit$$00000002)
    __rt_lib_init_heap_2                     0x080001f3   Thumb Code     0  libinit2.o(.ARM.Collect$$libinit$$00000005)
    __rt_lib_init_preinit_1                  0x080001f3   Thumb Code     0  libinit2.o(.ARM.Collect$$libinit$$00000004)
    __rt_lib_init_heap_1                     0x080001fb   Thumb Code     0  libinit2.o(.ARM.Collect$$libinit$$0000000A)
    __rt_lib_init_lc_common                  0x080001fb   Thumb Code     0  libinit2.o(.ARM.Collect$$libinit$$0000000F)
    __rt_lib_init_rand_1                     0x080001fb   Thumb Code     0  libinit2.o(.ARM.Collect$$libinit$$0000000E)
    __rt_lib_init_user_alloc_1               0x080001fb   Thumb Code     0  libinit2.o(.ARM.Collect$$libinit$$0000000C)
    __rt_lib_init_lc_collate_1               0x08000201   Thumb Code     0  libinit2.o(.ARM.Collect$$libinit$$00000011)
    __rt_lib_init_lc_ctype_2                 0x08000201   Thumb Code     0  libinit2.o(.ARM.Collect$$libinit$$00000012)
    __rt_lib_init_lc_ctype_1                 0x0800020d   Thumb Code     0  libinit2.o(.ARM.Collect$$libinit$$00000013)
    __rt_lib_init_lc_monetary_1              0x0800020d   Thumb Code     0  libinit2.o(.ARM.Collect$$libinit$$00000015)
    __rt_lib_init_lc_numeric_2               0x0800020d   Thumb Code     0  libinit2.o(.ARM.Collect$$libinit$$00000016)
    __rt_lib_init_alloca_1                   0x08000217   Thumb Code     0  libinit2.o(.ARM.Collect$$libinit$$0000002E)
    __rt_lib_init_argv_1                     0x08000217   Thumb Code     0  libinit2.o(.ARM.Collect$$libinit$$0000002C)
    __rt_lib_init_atexit_1                   0x08000217   Thumb Code     0  libinit2.o(.ARM.Collect$$libinit$$0000001B)
    __rt_lib_init_clock_1                    0x08000217   Thumb Code     0  libinit2.o(.ARM.Collect$$libinit$$00000021)
    __rt_lib_init_cpp_1                      0x08000217   Thumb Code     0  libinit2.o(.ARM.Collect$$libinit$$00000032)
    __rt_lib_init_exceptions_1               0x08000217   Thumb Code     0  libinit2.o(.ARM.Collect$$libinit$$00000030)
    __rt_lib_init_fp_trap_1                  0x08000217   Thumb Code     0  libinit2.o(.ARM.Collect$$libinit$$0000001F)
    __rt_lib_init_getenv_1                   0x08000217   Thumb Code     0  libinit2.o(.ARM.Collect$$libinit$$00000023)
    __rt_lib_init_lc_numeric_1               0x08000217   Thumb Code     0  libinit2.o(.ARM.Collect$$libinit$$00000017)
    __rt_lib_init_lc_time_1                  0x08000217   Thumb Code     0  libinit2.o(.ARM.Collect$$libinit$$00000019)
    __rt_lib_init_return                     0x08000217   Thumb Code     0  libinit2.o(.ARM.Collect$$libinit$$00000033)
    __rt_lib_init_signal_1                   0x08000217   Thumb Code     0  libinit2.o(.ARM.Collect$$libinit$$0000001D)
    __rt_lib_init_stdio_1                    0x08000217   Thumb Code     0  libinit2.o(.ARM.Collect$$libinit$$00000025)
    __rt_lib_shutdown                        0x08000219   Thumb Code     0  libshutdown.o(.ARM.Collect$$libshutdown$$00000000)
    __rt_lib_shutdown_fp_trap_1              0x0800021b   Thumb Code     0  libshutdown2.o(.ARM.Collect$$libshutdown$$00000006)
    __rt_lib_shutdown_heap_1                 0x0800021b   Thumb Code     0  libshutdown2.o(.ARM.Collect$$libshutdown$$0000000E)
    __rt_lib_shutdown_return                 0x0800021b   Thumb Code     0  libshutdown2.o(.ARM.Collect$$libshutdown$$0000000F)
    __rt_lib_shutdown_signal_1               0x0800021b   Thumb Code     0  libshutdown2.o(.ARM.Collect$$libshutdown$$00000009)
    __rt_lib_shutdown_stdio_1                0x0800021b   Thumb Code     0  libshutdown2.o(.ARM.Collect$$libshutdown$$00000003)
    __rt_lib_shutdown_user_alloc_1           0x0800021b   Thumb Code     0  libshutdown2.o(.ARM.Collect$$libshutdown$$0000000B)
    __rt_entry                               0x0800021d   Thumb Code     0  __rtentry.o(.ARM.Collect$$rtentry$$00000000)
    __rt_entry_presh_1                       0x0800021d   Thumb Code     0  __rtentry2.o(.ARM.Collect$$rtentry$$00000002)
    __rt_entry_sh                            0x0800021d   Thumb Code     0  __rtentry4.o(.ARM.Collect$$rtentry$$00000004)
    __rt_entry_li                            0x08000223   Thumb Code     0  __rtentry2.o(.ARM.Collect$$rtentry$$0000000A)
    __rt_entry_postsh_1                      0x08000223   Thumb Code     0  __rtentry2.o(.ARM.Collect$$rtentry$$00000009)
    __rt_entry_main                          0x08000227   Thumb Code     0  __rtentry2.o(.ARM.Collect$$rtentry$$0000000D)
    __rt_entry_postli_1                      0x08000227   Thumb Code     0  __rtentry2.o(.ARM.Collect$$rtentry$$0000000C)
    __rt_exit                                0x0800022f   Thumb Code     0  rtexit.o(.ARM.Collect$$rtexit$$00000000)
    __rt_exit_ls                             0x08000231   Thumb Code     0  rtexit2.o(.ARM.Collect$$rtexit$$00000003)
    __rt_exit_prels_1                        0x08000231   Thumb Code     0  rtexit2.o(.ARM.Collect$$rtexit$$00000002)
    __rt_exit_exit                           0x08000235   Thumb Code     0  rtexit2.o(.ARM.Collect$$rtexit$$00000004)
    Reset_Handler                            0x0800023d   Thumb Code     8  startup_stm32f10x_md.o(.text)
    _maybe_terminate_alloc                   0x0800023d   Thumb Code     0  maybetermalloc1.o(.emb_text)
    ADC1_2_IRQHandler                        0x08000257   Thumb Code     0  startup_stm32f10x_md.o(.text)
    CAN1_RX1_IRQHandler                      0x08000257   Thumb Code     0  startup_stm32f10x_md.o(.text)
    CAN1_SCE_IRQHandler                      0x08000257   Thumb Code     0  startup_stm32f10x_md.o(.text)
    DMA1_Channel1_IRQHandler                 0x08000257   Thumb Code     0  startup_stm32f10x_md.o(.text)
    DMA1_Channel2_IRQHandler                 0x08000257   Thumb Code     0  startup_stm32f10x_md.o(.text)
    DMA1_Channel3_IRQHandler                 0x08000257   Thumb Code     0  startup_stm32f10x_md.o(.text)
    DMA1_Channel4_IRQHandler                 0x08000257   Thumb Code     0  startup_stm32f10x_md.o(.text)
    DMA1_Channel5_IRQHandler                 0x08000257   Thumb Code     0  startup_stm32f10x_md.o(.text)
    DMA1_Channel6_IRQHandler                 0x08000257   Thumb Code     0  startup_stm32f10x_md.o(.text)
    DMA1_Channel7_IRQHandler                 0x08000257   Thumb Code     0  startup_stm32f10x_md.o(.text)
    EXTI15_10_IRQHandler                     0x08000257   Thumb Code     0  startup_stm32f10x_md.o(.text)
    EXTI2_IRQHandler                         0x08000257   Thumb Code     0  startup_stm32f10x_md.o(.text)
    EXTI3_IRQHandler                         0x08000257   Thumb Code     0  startup_stm32f10x_md.o(.text)
    EXTI4_IRQHandler                         0x08000257   Thumb Code     0  startup_stm32f10x_md.o(.text)
    EXTI9_5_IRQHandler                       0x08000257   Thumb Code     0  startup_stm32f10x_md.o(.text)
    FLASH_IRQHandler                         0x08000257   Thumb Code     0  startup_stm32f10x_md.o(.text)
    I2C1_ER_IRQHandler                       0x08000257   Thumb Code     0  startup_stm32f10x_md.o(.text)
    I2C1_EV_IRQHandler                       0x08000257   Thumb Code     0  startup_stm32f10x_md.o(.text)
    I2C2_ER_IRQHandler                       0x08000257   Thumb Code     0  startup_stm32f10x_md.o(.text)
    I2C2_EV_IRQHandler                       0x08000257   Thumb Code     0  startup_stm32f10x_md.o(.text)
    PVD_IRQHandler                           0x08000257   Thumb Code     0  startup_stm32f10x_md.o(.text)
    RCC_IRQHandler                           0x08000257   Thumb Code     0  startup_stm32f10x_md.o(.text)
    RTCAlarm_IRQHandler                      0x08000257   Thumb Code     0  startup_stm32f10x_md.o(.text)
    RTC_IRQHandler                           0x08000257   Thumb Code     0  startup_stm32f10x_md.o(.text)
    SPI1_IRQHandler                          0x08000257   Thumb Code     0  startup_stm32f10x_md.o(.text)
    SPI2_IRQHandler                          0x08000257   Thumb Code     0  startup_stm32f10x_md.o(.text)
    TAMPER_IRQHandler                        0x08000257   Thumb Code     0  startup_stm32f10x_md.o(.text)
    TIM1_BRK_IRQHandler                      0x08000257   Thumb Code     0  startup_stm32f10x_md.o(.text)
    TIM1_CC_IRQHandler                       0x08000257   Thumb Code     0  startup_stm32f10x_md.o(.text)
    TIM1_TRG_COM_IRQHandler                  0x08000257   Thumb Code     0  startup_stm32f10x_md.o(.text)
    TIM1_UP_IRQHandler                       0x08000257   Thumb Code     0  startup_stm32f10x_md.o(.text)
    TIM4_IRQHandler                          0x08000257   Thumb Code     0  startup_stm32f10x_md.o(.text)
    USART3_IRQHandler                        0x08000257   Thumb Code     0  startup_stm32f10x_md.o(.text)
    USBWakeUp_IRQHandler                     0x08000257   Thumb Code     0  startup_stm32f10x_md.o(.text)
    USB_HP_CAN1_TX_IRQHandler                0x08000257   Thumb Code     0  startup_stm32f10x_md.o(.text)
    USB_LP_CAN1_RX0_IRQHandler               0x08000257   Thumb Code     0  startup_stm32f10x_md.o(.text)
    WWDG_IRQHandler                          0x08000257   Thumb Code     0  startup_stm32f10x_md.o(.text)
    __user_initial_stackheap                 0x08000259   Thumb Code     0  startup_stm32f10x_md.o(.text)
    malloc                                   0x0800027d   Thumb Code    94  h1_alloc.o(.text)
    free                                     0x080002db   Thumb Code    78  h1_free.o(.text)
    tolower                                  0x08000329   Thumb Code    26  tolower.o(.text)
    __c89vsnprintf                           0x08000345   Thumb Code    48  c89vsnprintf.o(.text)
    __2sprintf                               0x08000379   Thumb Code    38  __2sprintf.o(.text)
    _printf_pre_padding                      0x080003a5   Thumb Code    44  _printf_pad.o(.text)
    _printf_post_padding                     0x080003d1   Thumb Code    34  _printf_pad.o(.text)
    _printf_str                              0x080003f3   Thumb Code    82  _printf_str.o(.text)
    _printf_int_dec                          0x08000445   Thumb Code   104  _printf_dec.o(.text)
    _printf_longlong_hex                     0x080004bd   Thumb Code    86  _printf_hex_int_ll_ptr.o(.text)
    _printf_int_hex                          0x08000513   Thumb Code    28  _printf_hex_int_ll_ptr.o(.text)
    _printf_ll_hex                           0x0800052f   Thumb Code    12  _printf_hex_int_ll_ptr.o(.text)
    _printf_hex_ptr                          0x0800053b   Thumb Code    18  _printf_hex_int_ll_ptr.o(.text)
    __printf                                 0x08000551   Thumb Code   388  __printf_flags_ss_wp.o(.text)
    atoi                                     0x080006d9   Thumb Code    26  atoi.o(.text)
    strchr                                   0x080006f3   Thumb Code    20  strchr.o(.text)
    strncat                                  0x08000707   Thumb Code    36  strncat.o(.text)
    strstr                                   0x0800072b   Thumb Code    36  strstr.o(.text)
    strlen                                   0x0800074f   Thumb Code    62  strlen.o(.text)
    strncmp                                  0x0800078d   Thumb Code   150  strncmp.o(.text)
    __aeabi_memcpy                           0x08000823   Thumb Code     0  rt_memcpy_v6.o(.text)
    __rt_memcpy                              0x08000823   Thumb Code   138  rt_memcpy_v6.o(.text)
    _memcpy_lastbytes                        0x08000889   Thumb Code     0  rt_memcpy_v6.o(.text)
    __aeabi_memcpy4                          0x080008ad   Thumb Code     0  rt_memcpy_w.o(.text)
    __aeabi_memcpy8                          0x080008ad   Thumb Code     0  rt_memcpy_w.o(.text)
    __rt_memcpy_w                            0x080008ad   Thumb Code   100  rt_memcpy_w.o(.text)
    _memcpy_lastbytes_aligned                0x080008f5   Thumb Code     0  rt_memcpy_w.o(.text)
    __aeabi_memclr                           0x08000911   Thumb Code     0  rt_memclr.o(.text)
    __rt_memclr                              0x08000911   Thumb Code    68  rt_memclr.o(.text)
    _memset                                  0x08000915   Thumb Code     0  rt_memclr.o(.text)
    __aeabi_memclr4                          0x08000955   Thumb Code     0  rt_memclr_w.o(.text)
    __aeabi_memclr8                          0x08000955   Thumb Code     0  rt_memclr_w.o(.text)
    __rt_memclr_w                            0x08000955   Thumb Code    78  rt_memclr_w.o(.text)
    _memset_w                                0x08000959   Thumb Code     0  rt_memclr_w.o(.text)
    __use_two_region_memory                  0x080009a3   Thumb Code     2  heapauxi.o(.text)
    __rt_heap_escrow                         0x080009a5   Thumb Code     2  heapauxi.o(.text)
    __rt_heap_expand                         0x080009a7   Thumb Code     2  heapauxi.o(.text)
    __rt_ctype_table                         0x080009a9   Thumb Code    16  rt_ctype_table.o(.text)
    __rt_heap_descriptor                     0x080009b9   Thumb Code     8  rt_heap_descriptor_intlibspace.o(.text)
    __aeabi_errno_addr                       0x080009c1   Thumb Code     8  rt_errno_addr_intlibspace.o(.text)
    __errno$intlibspace                      0x080009c1   Thumb Code     0  rt_errno_addr_intlibspace.o(.text)
    __rt_errno_addr$intlibspace              0x080009c1   Thumb Code     0  rt_errno_addr_intlibspace.o(.text)
    __use_no_heap                            0x080009c9   Thumb Code     2  hguard.o(.text)
    __heap$guard                             0x080009cb   Thumb Code     2  hguard.o(.text)
    _terminate_user_alloc                    0x080009cd   Thumb Code     2  init_alloc.o(.text)
    _init_user_alloc                         0x080009cf   Thumb Code     2  init_alloc.o(.text)
    __Heap_Full                              0x080009d1   Thumb Code    34  init_alloc.o(.text)
    __Heap_Broken                            0x080009f3   Thumb Code     6  init_alloc.o(.text)
    _init_alloc                              0x080009f9   Thumb Code    94  init_alloc.o(.text)
    __Heap_Initialize                        0x08000a57   Thumb Code    10  h1_init.o(.text)
    __Heap_DescSize                          0x08000a61   Thumb Code     4  h1_init.o(.text)
    __read_errno                             0x08000a65   Thumb Code    10  _rserrno.o(.text)
    __set_errno                              0x08000a6f   Thumb Code    12  _rserrno.o(.text)
    _printf_truncate_signed                  0x08000a7b   Thumb Code    18  _printf_truncate.o(.text)
    _printf_truncate_unsigned                0x08000a8d   Thumb Code    18  _printf_truncate.o(.text)
    _printf_int_common                       0x08000a9f   Thumb Code   178  _printf_intcommon.o(.text)
    _printf_charcount                        0x08000b51   Thumb Code    40  _printf_charcount.o(.text)
    __lib_sel_fp_printf                      0x08000b79   Thumb Code     2  _printf_fp_dec.o(.text)
    _printf_fp_dec_real                      0x08000d27   Thumb Code   620  _printf_fp_dec.o(.text)
    _printf_char_common                      0x08000f9f   Thumb Code    32  _printf_char_common.o(.text)
    _sputc                                   0x08000fc5   Thumb Code    10  _sputc.o(.text)
    _snputc                                  0x08000fcf   Thumb Code    16  _snputc.o(.text)
    _printf_cs_common                        0x08000fdf   Thumb Code    20  _printf_char.o(.text)
    _printf_char                             0x08000ff3   Thumb Code    16  _printf_char.o(.text)
    _printf_string                           0x08001003   Thumb Code     8  _printf_char.o(.text)
    _printf_wctomb                           0x0800100d   Thumb Code   182  _printf_wctomb.o(.text)
    _printf_longlong_dec                     0x080010c9   Thumb Code   108  _printf_longlong_dec.o(.text)
    _printf_longlong_oct                     0x08001145   Thumb Code    68  _printf_oct_int_ll.o(.text)
    _printf_int_oct                          0x08001189   Thumb Code    24  _printf_oct_int_ll.o(.text)
    _printf_ll_oct                           0x080011a1   Thumb Code    12  _printf_oct_int_ll.o(.text)
    strtol                                   0x080011b5   Thumb Code   112  strtol.o(.text)
    __user_libspace                          0x08001225   Thumb Code     8  libspace.o(.text)
    __user_perproc_libspace                  0x08001225   Thumb Code     0  libspace.o(.text)
    __user_perthread_libspace                0x08001225   Thumb Code     0  libspace.o(.text)
    __rt_locale                              0x0800122d   Thumb Code     8  rt_locale_intlibspace.o(.text)
    __Heap_ProvideMemory                     0x08001235   Thumb Code    52  h1_extend.o(.text)
    _ll_udiv10                               0x08001269   Thumb Code   138  lludiv10.o(.text)
    _printf_fp_infnan                        0x080012f5   Thumb Code   112  _printf_fp_infnan.o(.text)
    _printf_lcs_common                       0x08001375   Thumb Code    20  _printf_wchar.o(.text)
    _printf_wchar                            0x08001389   Thumb Code    16  _printf_wchar.o(.text)
    _printf_wstring                          0x08001399   Thumb Code     8  _printf_wchar.o(.text)
    _strtoul                                 0x080013a1   Thumb Code   158  _strtoul.o(.text)
    _btod_etento                             0x08001441   Thumb Code   216  bigflt0.o(.text)
    _wcrtomb                                 0x0800151d   Thumb Code    64  _wcrtomb.o(.text)
    __rt_SIGRTMEM                            0x0800155d   Thumb Code    14  defsig_rtmem_outer.o(.text)
    __I$use$semihosting                      0x0800156b   Thumb Code     0  use_no_semi.o(.text)
    __use_no_semihosting_swi                 0x0800156b   Thumb Code     2  use_no_semi.o(.text)
    __semihosting_library_function           0x0800156d   Thumb Code     0  indicate_semi.o(.text)
    __user_setup_stackheap                   0x0800156d   Thumb Code    74  sys_stackheap_outer.o(.text)
    _chval                                   0x080015b7   Thumb Code    28  _chval.o(.text)
    exit                                     0x080015d3   Thumb Code    12  exit.o(.text)
    __sig_exit                               0x080015df   Thumb Code    10  defsig_exit.o(.text)
    __rt_SIGRTMEM_inner                      0x080015e9   Thumb Code    22  defsig_rtmem_inner.o(.text)
    strcmp                                   0x08001639   Thumb Code   128  strcmpv7m.o(.text)
    _sys_exit                                0x080016b9   Thumb Code     8  sys_exit.o(.text)
    __default_signal_display                 0x080016c5   Thumb Code    50  defsig_general.o(.text)
    _ttywrch                                 0x080016f7   Thumb Code    14  sys_wrch.o(.text)
    _btod_d2e                                0x08001705   Thumb Code    62  btod.o(CL$$btod_d2e)
    _d2e_denorm_low                          0x08001743   Thumb Code    70  btod.o(CL$$btod_d2e_denorm_low)
    _d2e_norm_op1                            0x08001789   Thumb Code    96  btod.o(CL$$btod_d2e_norm_op1)
    __btod_div_common                        0x080017e9   Thumb Code   696  btod.o(CL$$btod_div_common)
    _e2e                                     0x08001b21   Thumb Code   198  btod.o(CL$$btod_e2e)
    _btod_ediv                               0x08001be7   Thumb Code    40  btod.o(CL$$btod_ediv)
    _btod_emul                               0x08001c0f   Thumb Code    40  btod.o(CL$$btod_emul)
    __btod_mult_common                       0x08001c37   Thumb Code   580  btod.o(CL$$btod_mult_common)
    BEEP_Init                                0x08001e7d   Thumb Code    46  beep.o(i.BEEP_Init)
    BH1750_Byte_Write                        0x08001eb1   Thumb Code    50  bh1750.o(i.BH1750_Byte_Write)
    BH1750_Init                              0x08001ee3   Thumb Code    18  bh1750.o(i.BH1750_Init)
    BH1750_Power_ON                          0x08001ef5   Thumb Code    10  bh1750.o(i.BH1750_Power_ON)
    BH1750_Read_Measure                      0x08001eff   Thumb Code    58  bh1750.o(i.BH1750_Read_Measure)
    BusFault_Handler                         0x08001f39   Thumb Code     4  stm32f10x_it.o(i.BusFault_Handler)
    DEBUG_LOG                                0x08001f3d   Thumb Code    86  usart.o(i.DEBUG_LOG)
    DHT11_Check                              0x08001fa9   Thumb Code    92  dht11.o(i.DHT11_Check)
    DHT11_Init                               0x0800200d   Thumb Code    58  dht11.o(i.DHT11_Init)
    DHT11_Read_Bit                           0x0800204d   Thumb Code    70  dht11.o(i.DHT11_Read_Bit)
    DHT11_Read_Byte                          0x08002099   Thumb Code    30  dht11.o(i.DHT11_Read_Byte)
    DHT11_Read_Data                          0x080020b7   Thumb Code   110  dht11.o(i.DHT11_Read_Data)
    DHT11_Rst                                0x08002125   Thumb Code    52  dht11.o(i.DHT11_Rst)
    DebugMon_Handler                         0x08002165   Thumb Code     2  stm32f10x_it.o(i.DebugMon_Handler)
    ESP8266_Clear                            0x08002169   Thumb Code    18  esp8266.o(i.ESP8266_Clear)
    ESP8266_GetIPD                           0x08002185   Thumb Code    66  esp8266.o(i.ESP8266_GetIPD)
    ESP8266_Init                             0x080021d5   Thumb Code   204  esp8266.o(i.ESP8266_Init)
    ESP8266_SendCmd                          0x08002449   Thumb Code    76  esp8266.o(i.ESP8266_SendCmd)
    ESP8266_SendData                         0x0800249d   Thumb Code    46  esp8266.o(i.ESP8266_SendData)
    ESP8266_WaitRecive                       0x080024e5   Thumb Code    42  esp8266.o(i.ESP8266_WaitRecive)
    EXTI0_IRQHandler                         0x08002519   Thumb Code    38  exti.o(i.EXTI0_IRQHandler)
    EXTI1_IRQHandler                         0x08002549   Thumb Code    44  exti.o(i.EXTI1_IRQHandler)
    EXTIX_Init                               0x08002581   Thumb Code   144  exti.o(i.EXTIX_Init)
    EXTI_ClearITPendingBit                   0x08002611   Thumb Code     6  stm32f10x_exti.o(i.EXTI_ClearITPendingBit)
    EXTI_Init                                0x0800261d   Thumb Code   142  stm32f10x_exti.o(i.EXTI_Init)
    GPIO_EXTILineConfig                      0x080026b1   Thumb Code    60  stm32f10x_gpio.o(i.GPIO_EXTILineConfig)
    GPIO_Init                                0x080026f1   Thumb Code   278  stm32f10x_gpio.o(i.GPIO_Init)
    GPIO_ReadInputDataBit                    0x08002807   Thumb Code    18  stm32f10x_gpio.o(i.GPIO_ReadInputDataBit)
    GPIO_SetBits                             0x08002819   Thumb Code     4  stm32f10x_gpio.o(i.GPIO_SetBits)
    HardFault_Handler                        0x0800281d   Thumb Code     4  stm32f10x_it.o(i.HardFault_Handler)
    KEY_Init                                 0x08002851   Thumb Code    52  key.o(i.KEY_Init)
    LED_Init                                 0x08002889   Thumb Code    70  led.o(i.LED_Init)
    LIght_Intensity                          0x080028d9   Thumb Code    32  bh1750.o(i.LIght_Intensity)
    MQTT_DeleteBuffer                        0x080028fd   Thumb Code    28  mqttkit.o(i.MQTT_DeleteBuffer)
    MQTT_DumpLength                          0x08002919   Thumb Code    46  mqttkit.o(i.MQTT_DumpLength)
    MQTT_NewBuffer                           0x08002947   Thumb Code    88  mqttkit.o(i.MQTT_NewBuffer)
    MQTT_PacketConnect                       0x080029a1   Thumb Code   666  mqttkit.o(i.MQTT_PacketConnect)
    MQTT_PacketPublish                       0x08002c41   Thumb Code   418  mqttkit.o(i.MQTT_PacketPublish)
    MQTT_PacketPublishComp                   0x08002de3   Thumb Code    72  mqttkit.o(i.MQTT_PacketPublishComp)
    MQTT_PacketPublishRel                    0x08002e2b   Thumb Code    72  mqttkit.o(i.MQTT_PacketPublishRel)
    MQTT_PacketSubscribe                     0x08002e73   Thumb Code   254  mqttkit.o(i.MQTT_PacketSubscribe)
    MQTT_ReadLength                          0x08002f71   Thumb Code    70  mqttkit.o(i.MQTT_ReadLength)
    MQTT_UnPacketCmd                         0x08002fb7   Thumb Code   140  mqttkit.o(i.MQTT_UnPacketCmd)
    MQTT_UnPacketConnectAck                  0x08003043   Thumb Code    30  mqttkit.o(i.MQTT_UnPacketConnectAck)
    MQTT_UnPacketPublish                     0x08003061   Thumb Code   438  mqttkit.o(i.MQTT_UnPacketPublish)
    MQTT_UnPacketPublishAck                  0x08003221   Thumb Code    30  mqttkit.o(i.MQTT_UnPacketPublishAck)
    MQTT_UnPacketPublishComp                 0x0800323f   Thumb Code    30  mqttkit.o(i.MQTT_UnPacketPublishComp)
    MQTT_UnPacketPublishRec                  0x0800325d   Thumb Code    30  mqttkit.o(i.MQTT_UnPacketPublishRec)
    MQTT_UnPacketPublishRel                  0x0800327b   Thumb Code    36  mqttkit.o(i.MQTT_UnPacketPublishRel)
    MQTT_UnPacketRecv                        0x080032a1   Thumb Code   106  mqttkit.o(i.MQTT_UnPacketRecv)
    MQTT_UnPacketSubscribe                   0x08003315   Thumb Code    52  mqttkit.o(i.MQTT_UnPacketSubscribe)
    MQTT_UnPacketUnSubscribe                 0x08003349   Thumb Code    18  mqttkit.o(i.MQTT_UnPacketUnSubscribe)
    MemManage_Handler                        0x0800335b   Thumb Code     4  stm32f10x_it.o(i.MemManage_Handler)
    NMI_Handler                              0x0800335f   Thumb Code     2  stm32f10x_it.o(i.NMI_Handler)
    NVIC_Init                                0x08003361   Thumb Code   100  misc.o(i.NVIC_Init)
    NVIC_PriorityGroupConfig                 0x080033d1   Thumb Code    10  misc.o(i.NVIC_PriorityGroupConfig)
    OneNet_DevLink                           0x080033e5   Thumb Code   236  onenet.o(i.OneNet_DevLink)
    OneNet_Publish                           0x08003631   Thumb Code    84  onenet.o(i.OneNet_Publish)
    OneNet_RevPro                            0x080036a5   Thumb Code   582  onenet.o(i.OneNet_RevPro)
    OneNet_Subscribe                         0x08003aad   Thumb Code    78  onenet.o(i.OneNet_Subscribe)
    PendSV_Handler                           0x08003b15   Thumb Code     2  stm32f10x_it.o(i.PendSV_Handler)
    RCC_APB1PeriphClockCmd                   0x08003b19   Thumb Code    26  stm32f10x_rcc.o(i.RCC_APB1PeriphClockCmd)
    RCC_APB2PeriphClockCmd                   0x08003b39   Thumb Code    26  stm32f10x_rcc.o(i.RCC_APB2PeriphClockCmd)
    RCC_GetClocksFreq                        0x08003b59   Thumb Code   192  stm32f10x_rcc.o(i.RCC_GetClocksFreq)
    SVC_Handler                              0x08003c2d   Thumb Code     2  stm32f10x_it.o(i.SVC_Handler)
    SysTick_CLKSourceConfig                  0x08003d19   Thumb Code    40  misc.o(i.SysTick_CLKSourceConfig)
    SysTick_Handler                          0x08003d41   Thumb Code     2  stm32f10x_it.o(i.SysTick_Handler)
    SystemInit                               0x08003d45   Thumb Code    78  system_stm32f10x.o(i.SystemInit)
    TIM2_IRQHandler                          0x08003da5   Thumb Code    22  timer.o(i.TIM2_IRQHandler)
    TIM2_Int_Init                            0x08003dbb   Thumb Code    92  timer.o(i.TIM2_Int_Init)
    TIM3_IRQHandler                          0x08003e19   Thumb Code    76  timer.o(i.TIM3_IRQHandler)
    TIM3_Int_Init                            0x08003e79   Thumb Code    90  timer.o(i.TIM3_Int_Init)
    TIM_ClearITPendingBit                    0x08003ed9   Thumb Code     6  stm32f10x_tim.o(i.TIM_ClearITPendingBit)
    TIM_Cmd                                  0x08003edf   Thumb Code    24  stm32f10x_tim.o(i.TIM_Cmd)
    TIM_GetITStatus                          0x08003ef7   Thumb Code    34  stm32f10x_tim.o(i.TIM_GetITStatus)
    TIM_ITConfig                             0x08003f19   Thumb Code    18  stm32f10x_tim.o(i.TIM_ITConfig)
    TIM_TimeBaseInit                         0x08003f2d   Thumb Code   122  stm32f10x_tim.o(i.TIM_TimeBaseInit)
    USART1_IRQHandler                        0x08003fd1   Thumb Code    24  usart.o(i.USART1_IRQHandler)
    USART2_IRQHandler                        0x08003fed   Thumb Code    62  esp8266.o(i.USART2_IRQHandler)
    USART_ClearFlag                          0x08004039   Thumb Code    18  stm32f10x_usart.o(i.USART_ClearFlag)
    USART_Cmd                                0x0800404b   Thumb Code    24  stm32f10x_usart.o(i.USART_Cmd)
    USART_GetFlagStatus                      0x08004063   Thumb Code    26  stm32f10x_usart.o(i.USART_GetFlagStatus)
    USART_GetITStatus                        0x0800407d   Thumb Code    84  stm32f10x_usart.o(i.USART_GetITStatus)
    USART_ITConfig                           0x080040d1   Thumb Code    74  stm32f10x_usart.o(i.USART_ITConfig)
    USART_Init                               0x0800411d   Thumb Code   210  stm32f10x_usart.o(i.USART_Init)
    USART_SendData                           0x080041f5   Thumb Code     8  stm32f10x_usart.o(i.USART_SendData)
    UsageFault_Handler                       0x080041fd   Thumb Code     4  stm32f10x_it.o(i.UsageFault_Handler)
    Usart1_Init                              0x08004201   Thumb Code   166  usart.o(i.Usart1_Init)
    Usart2_Init                              0x080042b1   Thumb Code   162  usart.o(i.Usart2_Init)
    UsartPrintf                              0x0800435d   Thumb Code    72  usart.o(i.UsartPrintf)
    Usart_SendString                         0x080043a5   Thumb Code    50  usart.o(i.Usart_SendString)
    __ARM_fpclassify                         0x080043d7   Thumb Code    40  fpclassify.o(i.__ARM_fpclassify)
    __kernel_poly                            0x080043ff   Thumb Code   170  poly.o(i.__kernel_poly)
    __mathlib_dbl_divzero                    0x080044a9   Thumb Code    12  dunder.o(i.__mathlib_dbl_divzero)
    __mathlib_dbl_infnan2                    0x080044b9   Thumb Code     4  dunder.o(i.__mathlib_dbl_infnan2)
    __mathlib_dbl_invalid                    0x080044bd   Thumb Code    12  dunder.o(i.__mathlib_dbl_invalid)
    __mathlib_dbl_overflow                   0x080044c9   Thumb Code    14  dunder.o(i.__mathlib_dbl_overflow)
    __mathlib_dbl_underflow                  0x080044d9   Thumb Code    10  dunder.o(i.__mathlib_dbl_underflow)
    _is_digit                                0x080044e9   Thumb Code    14  __printf_wp.o(i._is_digit)
    cJSON_Delete                             0x080044f9   Thumb Code    82  cjson.o(i.cJSON_Delete)
    cJSON_GetErrorPtr                        0x08004551   Thumb Code     6  cjson.o(i.cJSON_GetErrorPtr)
    cJSON_GetObjectItem                      0x0800455d   Thumb Code    30  cjson.o(i.cJSON_GetObjectItem)
    cJSON_Parse                              0x0800459d   Thumb Code    16  cjson.o(i.cJSON_Parse)
    cJSON_ParseWithOpts                      0x080045ad   Thumb Code    96  cjson.o(i.cJSON_ParseWithOpts)
    delay_init                               0x0800465d   Thumb Code    50  delay.o(i.delay_init)
    delay_ms                                 0x080046a1   Thumb Code    72  delay.o(i.delay_ms)
    delay_us                                 0x080046ed   Thumb Code    72  delay.o(i.delay_us)
    i2c_Ack                                  0x08004739   Thumb Code    44  bh1750.o(i.i2c_Ack)
    i2c_CheckDevice                          0x08004769   Thumb Code    28  bh1750.o(i.i2c_CheckDevice)
    i2c_NAck                                 0x08004795   Thumb Code    36  bh1750.o(i.i2c_NAck)
    i2c_ReadByte                             0x080047bd   Thumb Code    62  bh1750.o(i.i2c_ReadByte)
    i2c_SendByte                             0x08004801   Thumb Code    80  bh1750.o(i.i2c_SendByte)
    i2c_Start                                0x08004855   Thumb Code    42  bh1750.o(i.i2c_Start)
    i2c_Stop                                 0x08004885   Thumb Code    28  bh1750.o(i.i2c_Stop)
    i2c_WaitAck                              0x080048a5   Thumb Code    56  bh1750.o(i.i2c_WaitAck)
    main                                     0x080048e1   Thumb Code   564  main.o(i.main)
    pow                                      0x08005419   Thumb Code  2478  pow.o(i.pow)
    sqrt                                     0x08005de3   Thumb Code    76  sqrt.o(i.sqrt)
    _get_lc_ctype                            0x08005e31   Thumb Code    44  lc_ctype_c.o(locale$$code)
    _get_lc_numeric                          0x08005e5d   Thumb Code    44  lc_numeric_c.o(locale$$code)
    __aeabi_dadd                             0x08005e89   Thumb Code     0  daddsub_clz.o(x$fpl$dadd)
    _dadd                                    0x08005e89   Thumb Code   332  daddsub_clz.o(x$fpl$dadd)
    __fpl_dcheck_NaN1                        0x08005fd9   Thumb Code    10  dcheck1.o(x$fpl$dcheck1)
    __fpl_dcmp_Inf                           0x08005fe9   Thumb Code    24  dcmpi.o(x$fpl$dcmpinf)
    __aeabi_ddiv                             0x08006001   Thumb Code     0  ddiv.o(x$fpl$ddiv)
    _ddiv                                    0x08006001   Thumb Code   552  ddiv.o(x$fpl$ddiv)
    __aeabi_d2iz                             0x080062b1   Thumb Code     0  dfix.o(x$fpl$dfix)
    _dfix                                    0x080062b1   Thumb Code    94  dfix.o(x$fpl$dfix)
    __aeabi_i2d                              0x0800630f   Thumb Code     0  dflt_clz.o(x$fpl$dflt)
    _dflt                                    0x0800630f   Thumb Code    46  dflt_clz.o(x$fpl$dflt)
    __aeabi_cdcmple                          0x0800633d   Thumb Code     0  dleqf.o(x$fpl$dleqf)
    _dcmple                                  0x0800633d   Thumb Code   120  dleqf.o(x$fpl$dleqf)
    __fpl_dcmple_InfNaN                      0x0800639f   Thumb Code     0  dleqf.o(x$fpl$dleqf)
    __aeabi_dmul                             0x080063b5   Thumb Code     0  dmul.o(x$fpl$dmul)
    _dmul                                    0x080063b5   Thumb Code   332  dmul.o(x$fpl$dmul)
    __fpl_dnaninf                            0x08006509   Thumb Code   156  dnaninf.o(x$fpl$dnaninf)
    __fpl_dretinf                            0x080065a5   Thumb Code    12  dretinf.o(x$fpl$dretinf)
    __aeabi_cdrcmple                         0x080065b1   Thumb Code     0  drleqf.o(x$fpl$drleqf)
    _drcmple                                 0x080065b1   Thumb Code   108  drleqf.o(x$fpl$drleqf)
    __aeabi_drsub                            0x0800661d   Thumb Code     0  daddsub_clz.o(x$fpl$drsb)
    _drsb                                    0x0800661d   Thumb Code    22  daddsub_clz.o(x$fpl$drsb)
    _dsqrt                                   0x08006635   Thumb Code   456  dsqrt_noumaal.o(x$fpl$dsqrt)
    __aeabi_dsub                             0x08006801   Thumb Code     0  daddsub_clz.o(x$fpl$dsub)
    _dsub                                    0x08006801   Thumb Code   464  daddsub_clz.o(x$fpl$dsub)
    __aeabi_f2d                              0x080069d5   Thumb Code     0  f2d.o(x$fpl$f2d)
    _f2d                                     0x080069d5   Thumb Code    86  f2d.o(x$fpl$f2d)
    __fpl_fcmp_Inf                           0x08006a2b   Thumb Code    24  fcmpi.o(x$fpl$fcmpinf)
    __aeabi_fdiv                             0x08006a45   Thumb Code     0  fdiv.o(x$fpl$fdiv)
    _fdiv                                    0x08006a45   Thumb Code   384  fdiv.o(x$fpl$fdiv)
    __aeabi_ui2f                             0x08006bc9   Thumb Code     0  fflt_clz.o(x$fpl$ffltu)
    _ffltu                                   0x08006bc9   Thumb Code    38  fflt_clz.o(x$fpl$ffltu)
    __aeabi_cfcmple                          0x08006bf1   Thumb Code     0  fleqf.o(x$fpl$fleqf)
    _fcmple                                  0x08006bf1   Thumb Code   104  fleqf.o(x$fpl$fleqf)
    __fpl_fcmple_InfNaN                      0x08006c43   Thumb Code     0  fleqf.o(x$fpl$fleqf)
    __aeabi_fmul                             0x08006c59   Thumb Code     0  fmul.o(x$fpl$fmul)
    _fmul                                    0x08006c59   Thumb Code   258  fmul.o(x$fpl$fmul)
    __fpl_fnaninf                            0x08006d5b   Thumb Code   140  fnaninf.o(x$fpl$fnaninf)
    __fpl_fretinf                            0x08006de7   Thumb Code    10  fretinf.o(x$fpl$fretinf)
    _printf_fp_dec                           0x08006df1   Thumb Code     4  printf1.o(x$fpl$printf1)
    __fpl_return_NaN                         0x08006df5   Thumb Code   100  retnan.o(x$fpl$retnan)
    __ARM_scalbn                             0x08006e59   Thumb Code    92  scalbn.o(x$fpl$scalbn)
    __fpl_cmpreturn                          0x08006eb5   Thumb Code    48  trapv.o(x$fpl$trapveneer)
    __I$use$fp                               0x08006ee4   Number         0  usenofp.o(x$fpl$usenofp)
    devPubTopic                              0x08006ee4   Data           5  main.o(.constdata)
    __mathlib_zero                           0x08006fc0   Data           8  qnan.o(.constdata)
    Region$$Table$$Base                      0x0800710c   Number         0  anon$$obj.o(Region$$Table)
    Region$$Table$$Limit                     0x0800712c   Number         0  anon$$obj.o(Region$$Table)
    __ctype                                  0x08007139   Data           0  lc_ctype_c.o(locale$$data)
    alarmFlag                                0x20000000   Data           1  main.o(.data)
    alarm_is_free                            0x20000001   Data           1  main.o(.data)
    humidityH                                0x20000002   Data           1  main.o(.data)
    humidityL                                0x20000003   Data           1  main.o(.data)
    temperatureH                             0x20000004   Data           1  main.o(.data)
    temperatureL                             0x20000005   Data           1  main.o(.data)
    Light                                    0x20000008   Data           4  main.o(.data)
    Led_Status                               0x2000000c   Data           1  main.o(.data)
    devSubTopic                              0x20000010   Data           4  main.o(.data)
    ESP8266_INIT_OK                          0x20000014   Data           1  main.o(.data)
    SystemCoreClock                          0x20000018   Data           4  system_stm32f10x.o(.data)
    AHBPrescTable                            0x2000001c   Data          16  system_stm32f10x.o(.data)
    esp8266_cnt                              0x20000050   Data           2  esp8266.o(.data)
    esp8266_cntPre                           0x20000052   Data           2  esp8266.o(.data)
    PUB_BUF                                  0x20000058   Data         256  main.o(.bss)
    esp8266_buf                              0x20000158   Data         128  esp8266.o(.bss)
    __libspace_start                         0x200001d8   Data          96  libspace.o(.bss)
    __temporary_stack_top$libspace           0x20000238   Data           0  libspace.o(.bss)



==============================================================================

Memory Map of the image

  Image Entry point : 0x080000ed

  Load Region LR_IROM1 (Base: 0x08000000, Size: 0x000072b0, Max: 0x00010000, ABSOLUTE)

    Execution Region ER_IROM1 (Base: 0x08000000, Size: 0x00007258, Max: 0x00010000, ABSOLUTE)

    Base Addr    Size         Type   Attr      Idx    E Section Name        Object

    0x08000000   0x000000ec   Data   RO          672    RESET               startup_stm32f10x_md.o
    0x080000ec   0x00000008   Code   RO         2607  * !!!main             c_w.l(__main.o)
    0x080000f4   0x00000034   Code   RO         3027    !!!scatter          c_w.l(__scatter.o)
    0x08000128   0x0000001a   Code   RO         3029    !!handler_copy      c_w.l(__scatter_copy.o)
    0x08000142   0x00000002   PAD
    0x08000144   0x0000001c   Code   RO         3031    !!handler_zi        c_w.l(__scatter_zi.o)
    0x08000160   0x00000000   Code   RO         2582    .ARM.Collect$$_printf_percent$$00000000  c_w.l(_printf_percent.o)
    0x08000160   0x00000006   Code   RO         2730    .ARM.Collect$$_printf_percent$$00000001  c_w.l(_printf_n.o)
    0x08000166   0x00000006   Code   RO         2731    .ARM.Collect$$_printf_percent$$00000002  c_w.l(_printf_p.o)
    0x0800016c   0x00000006   Code   RO         2580    .ARM.Collect$$_printf_percent$$00000003  c_w.l(_printf_f.o)
    0x08000172   0x00000006   Code   RO         2581    .ARM.Collect$$_printf_percent$$00000004  c_w.l(_printf_e.o)
    0x08000178   0x00000006   Code   RO         2735    .ARM.Collect$$_printf_percent$$00000005  c_w.l(_printf_g.o)
    0x0800017e   0x00000006   Code   RO         2736    .ARM.Collect$$_printf_percent$$00000006  c_w.l(_printf_a.o)
    0x08000184   0x0000000a   Code   RO         2741    .ARM.Collect$$_printf_percent$$00000007  c_w.l(_printf_ll.o)
    0x0800018e   0x00000006   Code   RO         2733    .ARM.Collect$$_printf_percent$$00000008  c_w.l(_printf_i.o)
    0x08000194   0x00000006   Code   RO         2579    .ARM.Collect$$_printf_percent$$00000009  c_w.l(_printf_d.o)
    0x0800019a   0x00000006   Code   RO         2734    .ARM.Collect$$_printf_percent$$0000000A  c_w.l(_printf_u.o)
    0x080001a0   0x00000006   Code   RO         2732    .ARM.Collect$$_printf_percent$$0000000B  c_w.l(_printf_o.o)
    0x080001a6   0x00000006   Code   RO         2578    .ARM.Collect$$_printf_percent$$0000000C  c_w.l(_printf_x.o)
    0x080001ac   0x00000006   Code   RO         2738    .ARM.Collect$$_printf_percent$$0000000D  c_w.l(_printf_lli.o)
    0x080001b2   0x00000006   Code   RO         2739    .ARM.Collect$$_printf_percent$$0000000E  c_w.l(_printf_lld.o)
    0x080001b8   0x00000006   Code   RO         2740    .ARM.Collect$$_printf_percent$$0000000F  c_w.l(_printf_llu.o)
    0x080001be   0x00000006   Code   RO         2745    .ARM.Collect$$_printf_percent$$00000010  c_w.l(_printf_llo.o)
    0x080001c4   0x00000006   Code   RO         2746    .ARM.Collect$$_printf_percent$$00000011  c_w.l(_printf_llx.o)
    0x080001ca   0x0000000a   Code   RO         2742    .ARM.Collect$$_printf_percent$$00000012  c_w.l(_printf_l.o)
    0x080001d4   0x00000006   Code   RO         2729    .ARM.Collect$$_printf_percent$$00000013  c_w.l(_printf_c.o)
    0x080001da   0x00000006   Code   RO         2577    .ARM.Collect$$_printf_percent$$00000014  c_w.l(_printf_s.o)
    0x080001e0   0x00000006   Code   RO         2743    .ARM.Collect$$_printf_percent$$00000015  c_w.l(_printf_lc.o)
    0x080001e6   0x00000006   Code   RO         2744    .ARM.Collect$$_printf_percent$$00000016  c_w.l(_printf_ls.o)
    0x080001ec   0x00000004   Code   RO         2737    .ARM.Collect$$_printf_percent$$00000017  c_w.l(_printf_percent_end.o)
    0x080001f0   0x00000002   Code   RO         2963    .ARM.Collect$$libinit$$00000000  c_w.l(libinit.o)
    0x080001f2   0x00000000   Code   RO         2752    .ARM.Collect$$libinit$$00000002  c_w.l(libinit2.o)
    0x080001f2   0x00000000   Code   RO         2754    .ARM.Collect$$libinit$$00000004  c_w.l(libinit2.o)
    0x080001f2   0x00000008   Code   RO         2755    .ARM.Collect$$libinit$$00000005  c_w.l(libinit2.o)
    0x080001fa   0x00000000   Code   RO         2757    .ARM.Collect$$libinit$$0000000A  c_w.l(libinit2.o)
    0x080001fa   0x00000000   Code   RO         2759    .ARM.Collect$$libinit$$0000000C  c_w.l(libinit2.o)
    0x080001fa   0x00000000   Code   RO         2761    .ARM.Collect$$libinit$$0000000E  c_w.l(libinit2.o)
    0x080001fa   0x00000006   Code   RO         2762    .ARM.Collect$$libinit$$0000000F  c_w.l(libinit2.o)
    0x08000200   0x00000000   Code   RO         2764    .ARM.Collect$$libinit$$00000011  c_w.l(libinit2.o)
    0x08000200   0x0000000c   Code   RO         2765    .ARM.Collect$$libinit$$00000012  c_w.l(libinit2.o)
    0x0800020c   0x00000000   Code   RO         2766    .ARM.Collect$$libinit$$00000013  c_w.l(libinit2.o)
    0x0800020c   0x00000000   Code   RO         2768    .ARM.Collect$$libinit$$00000015  c_w.l(libinit2.o)
    0x0800020c   0x0000000a   Code   RO         2769    .ARM.Collect$$libinit$$00000016  c_w.l(libinit2.o)
    0x08000216   0x00000000   Code   RO         2770    .ARM.Collect$$libinit$$00000017  c_w.l(libinit2.o)
    0x08000216   0x00000000   Code   RO         2772    .ARM.Collect$$libinit$$00000019  c_w.l(libinit2.o)
    0x08000216   0x00000000   Code   RO         2774    .ARM.Collect$$libinit$$0000001B  c_w.l(libinit2.o)
    0x08000216   0x00000000   Code   RO         2776    .ARM.Collect$$libinit$$0000001D  c_w.l(libinit2.o)
    0x08000216   0x00000000   Code   RO         2778    .ARM.Collect$$libinit$$0000001F  c_w.l(libinit2.o)
    0x08000216   0x00000000   Code   RO         2780    .ARM.Collect$$libinit$$00000021  c_w.l(libinit2.o)
    0x08000216   0x00000000   Code   RO         2782    .ARM.Collect$$libinit$$00000023  c_w.l(libinit2.o)
    0x08000216   0x00000000   Code   RO         2784    .ARM.Collect$$libinit$$00000025  c_w.l(libinit2.o)
    0x08000216   0x00000000   Code   RO         2788    .ARM.Collect$$libinit$$0000002C  c_w.l(libinit2.o)
    0x08000216   0x00000000   Code   RO         2790    .ARM.Collect$$libinit$$0000002E  c_w.l(libinit2.o)
    0x08000216   0x00000000   Code   RO         2792    .ARM.Collect$$libinit$$00000030  c_w.l(libinit2.o)
    0x08000216   0x00000000   Code   RO         2794    .ARM.Collect$$libinit$$00000032  c_w.l(libinit2.o)
    0x08000216   0x00000002   Code   RO         2795    .ARM.Collect$$libinit$$00000033  c_w.l(libinit2.o)
    0x08000218   0x00000002   Code   RO         3024    .ARM.Collect$$libshutdown$$00000000  c_w.l(libshutdown.o)
    0x0800021a   0x00000000   Code   RO         2980    .ARM.Collect$$libshutdown$$00000003  c_w.l(libshutdown2.o)
    0x0800021a   0x00000000   Code   RO         2983    .ARM.Collect$$libshutdown$$00000006  c_w.l(libshutdown2.o)
    0x0800021a   0x00000000   Code   RO         2986    .ARM.Collect$$libshutdown$$00000009  c_w.l(libshutdown2.o)
    0x0800021a   0x00000000   Code   RO         2988    .ARM.Collect$$libshutdown$$0000000B  c_w.l(libshutdown2.o)
    0x0800021a   0x00000000   Code   RO         2991    .ARM.Collect$$libshutdown$$0000000E  c_w.l(libshutdown2.o)
    0x0800021a   0x00000002   Code   RO         2992    .ARM.Collect$$libshutdown$$0000000F  c_w.l(libshutdown2.o)
    0x0800021c   0x00000000   Code   RO         2667    .ARM.Collect$$rtentry$$00000000  c_w.l(__rtentry.o)
    0x0800021c   0x00000000   Code   RO         2848    .ARM.Collect$$rtentry$$00000002  c_w.l(__rtentry2.o)
    0x0800021c   0x00000006   Code   RO         2860    .ARM.Collect$$rtentry$$00000004  c_w.l(__rtentry4.o)
    0x08000222   0x00000000   Code   RO         2850    .ARM.Collect$$rtentry$$00000009  c_w.l(__rtentry2.o)
    0x08000222   0x00000004   Code   RO         2851    .ARM.Collect$$rtentry$$0000000A  c_w.l(__rtentry2.o)
    0x08000226   0x00000000   Code   RO         2853    .ARM.Collect$$rtentry$$0000000C  c_w.l(__rtentry2.o)
    0x08000226   0x00000008   Code   RO         2854    .ARM.Collect$$rtentry$$0000000D  c_w.l(__rtentry2.o)
    0x0800022e   0x00000002   Code   RO         2968    .ARM.Collect$$rtexit$$00000000  c_w.l(rtexit.o)
    0x08000230   0x00000000   Code   RO         2998    .ARM.Collect$$rtexit$$00000002  c_w.l(rtexit2.o)
    0x08000230   0x00000004   Code   RO         2999    .ARM.Collect$$rtexit$$00000003  c_w.l(rtexit2.o)
    0x08000234   0x00000006   Code   RO         3000    .ARM.Collect$$rtexit$$00000004  c_w.l(rtexit2.o)
    0x0800023a   0x00000002   PAD
    0x0800023c   0x00000000   Code   RO         2869    .emb_text           c_w.l(maybetermalloc1.o)
    0x0800023c   0x00000040   Code   RO          673    .text               startup_stm32f10x_md.o
    0x0800027c   0x0000005e   Code   RO         2462    .text               c_w.l(h1_alloc.o)
    0x080002da   0x0000004e   Code   RO         2464    .text               c_w.l(h1_free.o)
    0x08000328   0x0000001a   Code   RO         2520    .text               c_w.l(tolower.o)
    0x08000342   0x00000002   PAD
    0x08000344   0x00000034   Code   RO         2522    .text               c_w.l(c89vsnprintf.o)
    0x08000378   0x0000002c   Code   RO         2524    .text               c_w.l(__2sprintf.o)
    0x080003a4   0x0000004e   Code   RO         2530    .text               c_w.l(_printf_pad.o)
    0x080003f2   0x00000052   Code   RO         2532    .text               c_w.l(_printf_str.o)
    0x08000444   0x00000078   Code   RO         2534    .text               c_w.l(_printf_dec.o)
    0x080004bc   0x00000094   Code   RO         2554    .text               c_w.l(_printf_hex_int_ll_ptr.o)
    0x08000550   0x00000188   Code   RO         2574    .text               c_w.l(__printf_flags_ss_wp.o)
    0x080006d8   0x0000001a   Code   RO         2583    .text               c_w.l(atoi.o)
    0x080006f2   0x00000014   Code   RO         2585    .text               c_w.l(strchr.o)
    0x08000706   0x00000024   Code   RO         2587    .text               c_w.l(strncat.o)
    0x0800072a   0x00000024   Code   RO         2589    .text               c_w.l(strstr.o)
    0x0800074e   0x0000003e   Code   RO         2593    .text               c_w.l(strlen.o)
    0x0800078c   0x00000096   Code   RO         2595    .text               c_w.l(strncmp.o)
    0x08000822   0x0000008a   Code   RO         2597    .text               c_w.l(rt_memcpy_v6.o)
    0x080008ac   0x00000064   Code   RO         2599    .text               c_w.l(rt_memcpy_w.o)
    0x08000910   0x00000044   Code   RO         2601    .text               c_w.l(rt_memclr.o)
    0x08000954   0x0000004e   Code   RO         2603    .text               c_w.l(rt_memclr_w.o)
    0x080009a2   0x00000006   Code   RO         2605    .text               c_w.l(heapauxi.o)
    0x080009a8   0x00000010   Code   RO         2668    .text               c_w.l(rt_ctype_table.o)
    0x080009b8   0x00000008   Code   RO         2673    .text               c_w.l(rt_heap_descriptor_intlibspace.o)
    0x080009c0   0x00000008   Code   RO         2678    .text               c_w.l(rt_errno_addr_intlibspace.o)
    0x080009c8   0x00000004   Code   RO         2680    .text               c_w.l(hguard.o)
    0x080009cc   0x0000008a   Code   RO         2682    .text               c_w.l(init_alloc.o)
    0x08000a56   0x0000000e   Code   RO         2686    .text               c_w.l(h1_init.o)
    0x08000a64   0x00000016   Code   RO         2700    .text               c_w.l(_rserrno.o)
    0x08000a7a   0x00000024   Code   RO         2702    .text               c_w.l(_printf_truncate.o)
    0x08000a9e   0x000000b2   Code   RO         2704    .text               c_w.l(_printf_intcommon.o)
    0x08000b50   0x00000028   Code   RO         2706    .text               c_w.l(_printf_charcount.o)
    0x08000b78   0x0000041a   Code   RO         2708    .text               c_w.l(_printf_fp_dec.o)
    0x08000f92   0x00000002   PAD
    0x08000f94   0x00000030   Code   RO         2710    .text               c_w.l(_printf_char_common.o)
    0x08000fc4   0x0000000a   Code   RO         2712    .text               c_w.l(_sputc.o)
    0x08000fce   0x00000010   Code   RO         2714    .text               c_w.l(_snputc.o)
    0x08000fde   0x0000002c   Code   RO         2716    .text               c_w.l(_printf_char.o)
    0x0800100a   0x00000002   PAD
    0x0800100c   0x000000bc   Code   RO         2718    .text               c_w.l(_printf_wctomb.o)
    0x080010c8   0x0000007c   Code   RO         2721    .text               c_w.l(_printf_longlong_dec.o)
    0x08001144   0x00000070   Code   RO         2727    .text               c_w.l(_printf_oct_int_ll.o)
    0x080011b4   0x00000070   Code   RO         2747    .text               c_w.l(strtol.o)
    0x08001224   0x00000008   Code   RO         2844    .text               c_w.l(libspace.o)
    0x0800122c   0x00000008   Code   RO         2865    .text               c_w.l(rt_locale_intlibspace.o)
    0x08001234   0x00000034   Code   RO         2871    .text               c_w.l(h1_extend.o)
    0x08001268   0x0000008a   Code   RO         2875    .text               c_w.l(lludiv10.o)
    0x080012f2   0x00000002   PAD
    0x080012f4   0x00000080   Code   RO         2877    .text               c_w.l(_printf_fp_infnan.o)
    0x08001374   0x0000002c   Code   RO         2881    .text               c_w.l(_printf_wchar.o)
    0x080013a0   0x0000009e   Code   RO         2883    .text               c_w.l(_strtoul.o)
    0x0800143e   0x00000002   PAD
    0x08001440   0x000000dc   Code   RO         2885    .text               c_w.l(bigflt0.o)
    0x0800151c   0x00000040   Code   RO         2910    .text               c_w.l(_wcrtomb.o)
    0x0800155c   0x0000000e   Code   RO         2918    .text               c_w.l(defsig_rtmem_outer.o)
    0x0800156a   0x00000002   Code   RO         2935    .text               c_w.l(use_no_semi.o)
    0x0800156c   0x00000000   Code   RO         2937    .text               c_w.l(indicate_semi.o)
    0x0800156c   0x0000004a   Code   RO         2938    .text               c_w.l(sys_stackheap_outer.o)
    0x080015b6   0x0000001c   Code   RO         2944    .text               c_w.l(_chval.o)
    0x080015d2   0x0000000c   Code   RO         2946    .text               c_w.l(exit.o)
    0x080015de   0x0000000a   Code   RO         2948    .text               c_w.l(defsig_exit.o)
    0x080015e8   0x00000050   Code   RO         2950    .text               c_w.l(defsig_rtmem_inner.o)
    0x08001638   0x00000080   Code   RO         2952    .text               c_w.l(strcmpv7m.o)
    0x080016b8   0x0000000c   Code   RO         2966    .text               c_w.l(sys_exit.o)
    0x080016c4   0x00000032   Code   RO         2976    .text               c_w.l(defsig_general.o)
    0x080016f6   0x0000000e   Code   RO         2995    .text               c_w.l(sys_wrch.o)
    0x08001704   0x0000003e   Code   RO         2888    CL$$btod_d2e        c_w.l(btod.o)
    0x08001742   0x00000046   Code   RO         2890    CL$$btod_d2e_denorm_low  c_w.l(btod.o)
    0x08001788   0x00000060   Code   RO         2889    CL$$btod_d2e_norm_op1  c_w.l(btod.o)
    0x080017e8   0x00000338   Code   RO         2898    CL$$btod_div_common  c_w.l(btod.o)
    0x08001b20   0x000000c6   Code   RO         2895    CL$$btod_e2e        c_w.l(btod.o)
    0x08001be6   0x00000028   Code   RO         2892    CL$$btod_ediv       c_w.l(btod.o)
    0x08001c0e   0x00000028   Code   RO         2891    CL$$btod_emul       c_w.l(btod.o)
    0x08001c36   0x00000244   Code   RO         2897    CL$$btod_mult_common  c_w.l(btod.o)
    0x08001e7a   0x00000002   PAD
    0x08001e7c   0x00000034   Code   RO          279    i.BEEP_Init         beep.o
    0x08001eb0   0x00000032   Code   RO          294    i.BH1750_Byte_Write  bh1750.o
    0x08001ee2   0x00000012   Code   RO          295    i.BH1750_Init       bh1750.o
    0x08001ef4   0x0000000a   Code   RO          297    i.BH1750_Power_ON   bh1750.o
    0x08001efe   0x0000003a   Code   RO          299    i.BH1750_Read_Measure  bh1750.o
    0x08001f38   0x00000004   Code   RO          156    i.BusFault_Handler  stm32f10x_it.o
    0x08001f3c   0x0000006c   Code   RO          608    i.DEBUG_LOG         usart.o
    0x08001fa8   0x00000064   Code   RO          403    i.DHT11_Check       dht11.o
    0x0800200c   0x00000040   Code   RO          404    i.DHT11_Init        dht11.o
    0x0800204c   0x0000004c   Code   RO          405    i.DHT11_Read_Bit    dht11.o
    0x08002098   0x0000001e   Code   RO          406    i.DHT11_Read_Byte   dht11.o
    0x080020b6   0x0000006e   Code   RO          407    i.DHT11_Read_Data   dht11.o
    0x08002124   0x00000040   Code   RO          408    i.DHT11_Rst         dht11.o
    0x08002164   0x00000002   Code   RO          157    i.DebugMon_Handler  stm32f10x_it.o
    0x08002166   0x00000002   PAD
    0x08002168   0x0000001c   Code   RO         2162    i.ESP8266_Clear     esp8266.o
    0x08002184   0x00000050   Code   RO         2163    i.ESP8266_GetIPD    esp8266.o
    0x080021d4   0x00000274   Code   RO         2164    i.ESP8266_Init      esp8266.o
    0x08002448   0x00000054   Code   RO         2165    i.ESP8266_SendCmd   esp8266.o
    0x0800249c   0x00000048   Code   RO         2166    i.ESP8266_SendData  esp8266.o
    0x080024e4   0x00000034   Code   RO         2167    i.ESP8266_WaitRecive  esp8266.o
    0x08002518   0x00000030   Code   RO          514    i.EXTI0_IRQHandler  exti.o
    0x08002548   0x00000038   Code   RO          515    i.EXTI1_IRQHandler  exti.o
    0x08002580   0x00000090   Code   RO          516    i.EXTIX_Init        exti.o
    0x08002610   0x0000000c   Code   RO          714    i.EXTI_ClearITPendingBit  stm32f10x_exti.o
    0x0800261c   0x00000094   Code   RO          719    i.EXTI_Init         stm32f10x_exti.o
    0x080026b0   0x00000040   Code   RO          770    i.GPIO_EXTILineConfig  stm32f10x_gpio.o
    0x080026f0   0x00000116   Code   RO          773    i.GPIO_Init         stm32f10x_gpio.o
    0x08002806   0x00000012   Code   RO          777    i.GPIO_ReadInputDataBit  stm32f10x_gpio.o
    0x08002818   0x00000004   Code   RO          781    i.GPIO_SetBits      stm32f10x_gpio.o
    0x0800281c   0x00000004   Code   RO          158    i.HardFault_Handler  stm32f10x_it.o
    0x08002820   0x00000030   Code   RO          300    i.I2C_BH1750_GPIOConfig  bh1750.o
    0x08002850   0x00000038   Code   RO          448    i.KEY_Init          key.o
    0x08002888   0x00000050   Code   RO          470    i.LED_Init          led.o
    0x080028d8   0x00000024   Code   RO          301    i.LIght_Intensity   bh1750.o
    0x080028fc   0x0000001c   Code   RO         2218    i.MQTT_DeleteBuffer  mqttkit.o
    0x08002918   0x0000002e   Code   RO         2219    i.MQTT_DumpLength   mqttkit.o
    0x08002946   0x00000058   Code   RO         2220    i.MQTT_NewBuffer    mqttkit.o
    0x0800299e   0x00000002   PAD
    0x080029a0   0x000002a0   Code   RO         2222    i.MQTT_PacketConnect  mqttkit.o
    0x08002c40   0x000001a2   Code   RO         2225    i.MQTT_PacketPublish  mqttkit.o
    0x08002de2   0x00000048   Code   RO         2227    i.MQTT_PacketPublishComp  mqttkit.o
    0x08002e2a   0x00000048   Code   RO         2229    i.MQTT_PacketPublishRel  mqttkit.o
    0x08002e72   0x000000fe   Code   RO         2232    i.MQTT_PacketSubscribe  mqttkit.o
    0x08002f70   0x00000046   Code   RO         2234    i.MQTT_ReadLength   mqttkit.o
    0x08002fb6   0x0000008c   Code   RO         2235    i.MQTT_UnPacketCmd  mqttkit.o
    0x08003042   0x0000001e   Code   RO         2236    i.MQTT_UnPacketConnectAck  mqttkit.o
    0x08003060   0x000001c0   Code   RO         2237    i.MQTT_UnPacketPublish  mqttkit.o
    0x08003220   0x0000001e   Code   RO         2238    i.MQTT_UnPacketPublishAck  mqttkit.o
    0x0800323e   0x0000001e   Code   RO         2239    i.MQTT_UnPacketPublishComp  mqttkit.o
    0x0800325c   0x0000001e   Code   RO         2240    i.MQTT_UnPacketPublishRec  mqttkit.o
    0x0800327a   0x00000024   Code   RO         2241    i.MQTT_UnPacketPublishRel  mqttkit.o
    0x0800329e   0x00000002   PAD
    0x080032a0   0x00000074   Code   RO         2242    i.MQTT_UnPacketRecv  mqttkit.o
    0x08003314   0x00000034   Code   RO         2243    i.MQTT_UnPacketSubscribe  mqttkit.o
    0x08003348   0x00000012   Code   RO         2244    i.MQTT_UnPacketUnSubscribe  mqttkit.o
    0x0800335a   0x00000004   Code   RO          159    i.MemManage_Handler  stm32f10x_it.o
    0x0800335e   0x00000002   Code   RO          160    i.NMI_Handler       stm32f10x_it.o
    0x08003360   0x00000070   Code   RO          677    i.NVIC_Init         misc.o
    0x080033d0   0x00000014   Code   RO          678    i.NVIC_PriorityGroupConfig  misc.o
    0x080033e4   0x0000024c   Code   RO         2402    i.OneNet_DevLink    onenet.o
    0x08003630   0x00000074   Code   RO         2403    i.OneNet_Publish    onenet.o
    0x080036a4   0x00000408   Code   RO         2404    i.OneNet_RevPro     onenet.o
    0x08003aac   0x00000068   Code   RO         2405    i.OneNet_Subscribe  onenet.o
    0x08003b14   0x00000002   Code   RO          161    i.PendSV_Handler    stm32f10x_it.o
    0x08003b16   0x00000002   PAD
    0x08003b18   0x00000020   Code   RO          883    i.RCC_APB1PeriphClockCmd  stm32f10x_rcc.o
    0x08003b38   0x00000020   Code   RO          885    i.RCC_APB2PeriphClockCmd  stm32f10x_rcc.o
    0x08003b58   0x000000d4   Code   RO          893    i.RCC_GetClocksFreq  stm32f10x_rcc.o
    0x08003c2c   0x00000002   Code   RO          162    i.SVC_Handler       stm32f10x_it.o
    0x08003c2e   0x00000008   Code   RO          245    i.SetSysClock       system_stm32f10x.o
    0x08003c36   0x00000002   PAD
    0x08003c38   0x000000e0   Code   RO          246    i.SetSysClockTo72   system_stm32f10x.o
    0x08003d18   0x00000028   Code   RO          681    i.SysTick_CLKSourceConfig  misc.o
    0x08003d40   0x00000002   Code   RO          163    i.SysTick_Handler   stm32f10x_it.o
    0x08003d42   0x00000002   PAD
    0x08003d44   0x00000060   Code   RO          248    i.SystemInit        system_stm32f10x.o
    0x08003da4   0x00000016   Code   RO          574    i.TIM2_IRQHandler   timer.o
    0x08003dba   0x0000005c   Code   RO          575    i.TIM2_Int_Init     timer.o
    0x08003e16   0x00000002   PAD
    0x08003e18   0x00000060   Code   RO          576    i.TIM3_IRQHandler   timer.o
    0x08003e78   0x00000060   Code   RO          577    i.TIM3_Int_Init     timer.o
    0x08003ed8   0x00000006   Code   RO         1092    i.TIM_ClearITPendingBit  stm32f10x_tim.o
    0x08003ede   0x00000018   Code   RO         1097    i.TIM_Cmd           stm32f10x_tim.o
    0x08003ef6   0x00000022   Code   RO         1118    i.TIM_GetITStatus   stm32f10x_tim.o
    0x08003f18   0x00000012   Code   RO         1122    i.TIM_ITConfig      stm32f10x_tim.o
    0x08003f2a   0x00000002   PAD
    0x08003f2c   0x000000a4   Code   RO         1168    i.TIM_TimeBaseInit  stm32f10x_tim.o
    0x08003fd0   0x0000001c   Code   RO          609    i.USART1_IRQHandler  usart.o
    0x08003fec   0x0000004c   Code   RO         2168    i.USART2_IRQHandler  esp8266.o
    0x08004038   0x00000012   Code   RO         1629    i.USART_ClearFlag   stm32f10x_usart.o
    0x0800404a   0x00000018   Code   RO         1633    i.USART_Cmd         stm32f10x_usart.o
    0x08004062   0x0000001a   Code   RO         1636    i.USART_GetFlagStatus  stm32f10x_usart.o
    0x0800407c   0x00000054   Code   RO         1637    i.USART_GetITStatus  stm32f10x_usart.o
    0x080040d0   0x0000004a   Code   RO         1639    i.USART_ITConfig    stm32f10x_usart.o
    0x0800411a   0x00000002   PAD
    0x0800411c   0x000000d8   Code   RO         1640    i.USART_Init        stm32f10x_usart.o
    0x080041f4   0x00000008   Code   RO         1650    i.USART_SendData    stm32f10x_usart.o
    0x080041fc   0x00000004   Code   RO          164    i.UsageFault_Handler  stm32f10x_it.o
    0x08004200   0x000000b0   Code   RO          610    i.Usart1_Init       usart.o
    0x080042b0   0x000000ac   Code   RO          611    i.Usart2_Init       usart.o
    0x0800435c   0x00000048   Code   RO          612    i.UsartPrintf       usart.o
    0x080043a4   0x00000032   Code   RO          613    i.Usart_SendString  usart.o
    0x080043d6   0x00000028   Code   RO         2829    i.__ARM_fpclassify  m_ws.l(fpclassify.o)
    0x080043fe   0x000000aa   Code   RO         2831    i.__kernel_poly     m_ws.l(poly.o)
    0x080044a8   0x00000010   Code   RO         2815    i.__mathlib_dbl_divzero  m_ws.l(dunder.o)
    0x080044b8   0x00000004   Code   RO         2817    i.__mathlib_dbl_infnan2  m_ws.l(dunder.o)
    0x080044bc   0x0000000c   Code   RO         2818    i.__mathlib_dbl_invalid  m_ws.l(dunder.o)
    0x080044c8   0x0000000e   Code   RO         2819    i.__mathlib_dbl_overflow  m_ws.l(dunder.o)
    0x080044d6   0x00000002   PAD
    0x080044d8   0x00000010   Code   RO         2821    i.__mathlib_dbl_underflow  m_ws.l(dunder.o)
    0x080044e8   0x0000000e   Code   RO         2567    i._is_digit         c_w.l(__printf_wp.o)
    0x080044f6   0x00000002   PAD
    0x080044f8   0x00000058   Code   RO         1826    i.cJSON_Delete      cjson.o
    0x08004550   0x0000000c   Code   RO         1834    i.cJSON_GetErrorPtr  cjson.o
    0x0800455c   0x0000001e   Code   RO         1835    i.cJSON_GetObjectItem  cjson.o
    0x0800457a   0x00000002   PAD
    0x0800457c   0x00000020   Code   RO         1839    i.cJSON_New_Item    cjson.o
    0x0800459c   0x00000010   Code   RO         1840    i.cJSON_Parse       cjson.o
    0x080045ac   0x00000064   Code   RO         1841    i.cJSON_ParseWithOpts  cjson.o
    0x08004610   0x0000004c   Code   RO         1847    i.cJSON_strcasecmp  cjson.o
    0x0800465c   0x00000044   Code   RO          485    i.delay_init        delay.o
    0x080046a0   0x0000004c   Code   RO          486    i.delay_ms          delay.o
    0x080046ec   0x0000004c   Code   RO          487    i.delay_us          delay.o
    0x08004738   0x00000030   Code   RO          302    i.i2c_Ack           bh1750.o
    0x08004768   0x0000001c   Code   RO          303    i.i2c_CheckDevice   bh1750.o
    0x08004784   0x0000000e   Code   RO          304    i.i2c_Delay         bh1750.o
    0x08004792   0x00000002   PAD
    0x08004794   0x00000028   Code   RO          305    i.i2c_NAck          bh1750.o
    0x080047bc   0x00000044   Code   RO          306    i.i2c_ReadByte      bh1750.o
    0x08004800   0x00000054   Code   RO          307    i.i2c_SendByte      bh1750.o
    0x08004854   0x00000030   Code   RO          308    i.i2c_Start         bh1750.o
    0x08004884   0x00000020   Code   RO          309    i.i2c_Stop          bh1750.o
    0x080048a4   0x0000003c   Code   RO          310    i.i2c_WaitAck       bh1750.o
    0x080048e0   0x00000420   Code   RO            1    i.main              main.o
    0x08004d00   0x000000ac   Code   RO         1851    i.parse_array       cjson.o
    0x08004dac   0x00000114   Code   RO         1852    i.parse_hex4        cjson.o
    0x08004ec0   0x000001bc   Code   RO         1853    i.parse_number      cjson.o
    0x0800507c   0x00000114   Code   RO         1854    i.parse_object      cjson.o
    0x08005190   0x000001cc   Code   RO         1855    i.parse_string      cjson.o
    0x0800535c   0x000000bc   Code   RO         1856    i.parse_value       cjson.o
    0x08005418   0x000009b8   Code   RO         2656    i.pow               m_ws.l(pow.o)
    0x08005dd0   0x00000012   Code   RO         1864    i.skip              cjson.o
    0x08005de2   0x0000004c   Code   RO         2835    i.sqrt              m_ws.l(sqrt.o)
    0x08005e2e   0x00000002   PAD
    0x08005e30   0x0000002c   Code   RO         2913    locale$$code        c_w.l(lc_ctype_c.o)
    0x08005e5c   0x0000002c   Code   RO         2916    locale$$code        c_w.l(lc_numeric_c.o)
    0x08005e88   0x00000150   Code   RO         2609    x$fpl$dadd          fz_ws.l(daddsub_clz.o)
    0x08005fd8   0x00000010   Code   RO         2927    x$fpl$dcheck1       fz_ws.l(dcheck1.o)
    0x08005fe8   0x00000018   Code   RO         2796    x$fpl$dcmpinf       fz_ws.l(dcmpi.o)
    0x08006000   0x000002b0   Code   RO         2799    x$fpl$ddiv          fz_ws.l(ddiv.o)
    0x080062b0   0x0000005e   Code   RO         2617    x$fpl$dfix          fz_ws.l(dfix.o)
    0x0800630e   0x0000002e   Code   RO         2622    x$fpl$dflt          fz_ws.l(dflt_clz.o)
    0x0800633c   0x00000078   Code   RO         2627    x$fpl$dleqf         fz_ws.l(dleqf.o)
    0x080063b4   0x00000154   Code   RO         2629    x$fpl$dmul          fz_ws.l(dmul.o)
    0x08006508   0x0000009c   Code   RO         2802    x$fpl$dnaninf       fz_ws.l(dnaninf.o)
    0x080065a4   0x0000000c   Code   RO         2804    x$fpl$dretinf       fz_ws.l(dretinf.o)
    0x080065b0   0x0000006c   Code   RO         2631    x$fpl$drleqf        fz_ws.l(drleqf.o)
    0x0800661c   0x00000016   Code   RO         2610    x$fpl$drsb          fz_ws.l(daddsub_clz.o)
    0x08006632   0x00000002   PAD
    0x08006634   0x000001cc   Code   RO         2929    x$fpl$dsqrt         fz_ws.l(dsqrt_noumaal.o)
    0x08006800   0x000001d4   Code   RO         2611    x$fpl$dsub          fz_ws.l(daddsub_clz.o)
    0x080069d4   0x00000056   Code   RO         2633    x$fpl$f2d           fz_ws.l(f2d.o)
    0x08006a2a   0x00000018   Code   RO         2806    x$fpl$fcmpinf       fz_ws.l(fcmpi.o)
    0x08006a42   0x00000002   PAD
    0x08006a44   0x00000184   Code   RO         2636    x$fpl$fdiv          fz_ws.l(fdiv.o)
    0x08006bc8   0x00000026   Code   RO         2639    x$fpl$ffltu         fz_ws.l(fflt_clz.o)
    0x08006bee   0x00000002   PAD
    0x08006bf0   0x00000068   Code   RO         2645    x$fpl$fleqf         fz_ws.l(fleqf.o)
    0x08006c58   0x00000102   Code   RO         2647    x$fpl$fmul          fz_ws.l(fmul.o)
    0x08006d5a   0x0000008c   Code   RO         2808    x$fpl$fnaninf       fz_ws.l(fnaninf.o)
    0x08006de6   0x0000000a   Code   RO         2810    x$fpl$fretinf       fz_ws.l(fretinf.o)
    0x08006df0   0x00000004   Code   RO         2649    x$fpl$printf1       fz_ws.l(printf1.o)
    0x08006df4   0x00000064   Code   RO         2964    x$fpl$retnan        fz_ws.l(retnan.o)
    0x08006e58   0x0000005c   Code   RO         2812    x$fpl$scalbn        fz_ws.l(scalbn.o)
    0x08006eb4   0x00000030   Code   RO         2993    x$fpl$trapveneer    fz_ws.l(trapv.o)
    0x08006ee4   0x00000000   Code   RO         2814    x$fpl$usenofp       fz_ws.l(usenofp.o)
    0x08006ee4   0x00000005   Data   RO            3    .constdata          main.o
    0x08006ee9   0x00000007   Data   RO         1867    .constdata          cjson.o
    0x08006ef0   0x00000028   Data   RO         2555    .constdata          c_w.l(_printf_hex_int_ll_ptr.o)
    0x08006f18   0x00000011   Data   RO         2575    .constdata          c_w.l(__printf_flags_ss_wp.o)
    0x08006f29   0x00000007   PAD
    0x08006f30   0x00000088   Data   RO         2657    .constdata          m_ws.l(pow.o)
    0x08006fb8   0x00000008   Data   RO         2719    .constdata          c_w.l(_printf_wctomb.o)
    0x08006fc0   0x00000008   Data   RO         2833    .constdata          m_ws.l(qnan.o)
    0x08006fc8   0x00000094   Data   RO         2886    .constdata          c_w.l(bigflt0.o)
    0x0800705c   0x000000ad   Data   RO            4    .conststring        main.o
    0x08007109   0x00000003   PAD
    0x0800710c   0x00000020   Data   RO         3025    Region$$Table       anon$$obj.o
    0x0800712c   0x00000110   Data   RO         2912    locale$$data        c_w.l(lc_ctype_c.o)
    0x0800723c   0x0000001c   Data   RO         2915    locale$$data        c_w.l(lc_numeric_c.o)


    Execution Region RW_IRAM1 (Base: 0x20000000, Size: 0x00000838, Max: 0x00005000, ABSOLUTE)

    Base Addr    Size         Type   Attr      Idx    E Section Name        Object

    0x20000000   0x00000015   Data   RW            5    .data               main.o
    0x20000015   0x00000003   PAD
    0x20000018   0x00000014   Data   RW          249    .data               system_stm32f10x.o
    0x2000002c   0x00000004   Data   RW          488    .data               delay.o
    0x20000030   0x00000014   Data   RW          913    .data               stm32f10x_rcc.o
    0x20000044   0x0000000c   Data   RW         1868    .data               cjson.o
    0x20000050   0x00000004   Data   RW         2170    .data               esp8266.o
    0x20000054   0x00000002   Data   RW         2406    .data               onenet.o
    0x20000056   0x00000002   PAD
    0x20000058   0x00000100   Zero   RW            2    .bss                main.o
    0x20000158   0x00000080   Zero   RW         2169    .bss                esp8266.o
    0x200001d8   0x00000060   Zero   RW         2845    .bss                c_w.l(libspace.o)
    0x20000238   0x00000200   Zero   RW          671    HEAP                startup_stm32f10x_md.o
    0x20000438   0x00000400   Zero   RW          670    STACK               startup_stm32f10x_md.o


==============================================================================

Image component sizes


      Code (inc. data)   RO Data    RW Data    ZI Data      Debug   Object Name

        52          6          0          0          0        460   beep.o
       642         42          0          0          0       7166   bh1750.o
      2188         88          7         12          0      11465   cjson.o
       220         26          0          4          0       1555   delay.o
       444         32          0          0          0       3660   dht11.o
      1020        506          0          4        128       4953   esp8266.o
       248         22          0          0          0       1439   exti.o
        56          4          0          0          0        463   key.o
        80         10          0          0          0        463   led.o
      1056        492        178         21        256     256040   main.o
       172         22          0          0          0       1905   misc.o
      2650         26          0          0          0      16188   mqttkit.o
      1840        880          0          2          0       7407   onenet.o
        64         26        236          0       1536        768   startup_stm32f10x_md.o
       160         12          0          0          0       1389   stm32f10x_exti.o
       364          4          0          0          0       3537   stm32f10x_gpio.o
        26          0          0          0          0       3530   stm32f10x_it.o
       276         32          0         20          0       4254   stm32f10x_rcc.o
       246         42          0          0          0       3322   stm32f10x_tim.o
       450          6          0          0          0       5839   stm32f10x_usart.o
         0          0          0          0          0         32   sys.o
       328         28          0         20          0       1981   system_stm32f10x.o
       306         26          0          0          0       2084   timer.o
       606         46          0          0          0       4713   usart.o

    ----------------------------------------------------------------------
     13516       2378        456         88       1920     344613   Object Totals
         0          0         32          0          0          0   (incl. Generated)
        22          0          3          5          0          0   (incl. Padding)

    ----------------------------------------------------------------------

      Code (inc. data)   RO Data    RW Data    ZI Data      Debug   Library Member Name

        44          6          0          0          0         84   __2sprintf.o
         8          0          0          0          0         68   __main.o
       392          4         17          0          0         92   __printf_flags_ss_wp.o
        14          0          0          0          0         68   __printf_wp.o
         0          0          0          0          0          0   __rtentry.o
        12          0          0          0          0          0   __rtentry2.o
         6          0          0          0          0          0   __rtentry4.o
        52          8          0          0          0          0   __scatter.o
        26          0          0          0          0          0   __scatter_copy.o
        28          0          0          0          0          0   __scatter_zi.o
        28          0          0          0          0         68   _chval.o
         6          0          0          0          0          0   _printf_a.o
         6          0          0          0          0          0   _printf_c.o
        44          0          0          0          0        108   _printf_char.o
        48          6          0          0          0         96   _printf_char_common.o
        40          0          0          0          0         68   _printf_charcount.o
         6          0          0          0          0          0   _printf_d.o
       120         16          0          0          0         92   _printf_dec.o
         6          0          0          0          0          0   _printf_e.o
         6          0          0          0          0          0   _printf_f.o
      1050          0          0          0          0        216   _printf_fp_dec.o
       128         16          0          0          0         84   _printf_fp_infnan.o
         6          0          0          0          0          0   _printf_g.o
       148          4         40          0          0        160   _printf_hex_int_ll_ptr.o
         6          0          0          0          0          0   _printf_i.o
       178          0          0          0          0         88   _printf_intcommon.o
        10          0          0          0          0          0   _printf_l.o
         6          0          0          0          0          0   _printf_lc.o
        10          0          0          0          0          0   _printf_ll.o
         6          0          0          0          0          0   _printf_lld.o
         6          0          0          0          0          0   _printf_lli.o
         6          0          0          0          0          0   _printf_llo.o
         6          0          0          0          0          0   _printf_llu.o
         6          0          0          0          0          0   _printf_llx.o
       124         16          0          0          0         92   _printf_longlong_dec.o
         6          0          0          0          0          0   _printf_ls.o
         6          0          0          0          0          0   _printf_n.o
         6          0          0          0          0          0   _printf_o.o
       112          8          0          0          0        124   _printf_oct_int_ll.o
         6          0          0          0          0          0   _printf_p.o
        78          0          0          0          0        108   _printf_pad.o
         0          0          0          0          0          0   _printf_percent.o
         4          0          0          0          0          0   _printf_percent_end.o
         6          0          0          0          0          0   _printf_s.o
        82          0          0          0          0         80   _printf_str.o
        36          0          0          0          0         84   _printf_truncate.o
         6          0          0          0          0          0   _printf_u.o
        44          0          0          0          0        108   _printf_wchar.o
       188          6          8          0          0         92   _printf_wctomb.o
         6          0          0          0          0          0   _printf_x.o
        22          0          0          0          0        100   _rserrno.o
        16          0          0          0          0         68   _snputc.o
        10          0          0          0          0         68   _sputc.o
       158          0          0          0          0         92   _strtoul.o
        64          0          0          0          0         92   _wcrtomb.o
        26          0          0          0          0         80   atoi.o
       220          4        148          0          0         96   bigflt0.o
      1910        128          0          0          0        672   btod.o
        52          4          0          0          0         80   c89vsnprintf.o
        10          0          0          0          0         68   defsig_exit.o
        50          0          0          0          0         88   defsig_general.o
        80         58          0          0          0         76   defsig_rtmem_inner.o
        14          0          0          0          0         80   defsig_rtmem_outer.o
        12          0          0          0          0         72   exit.o
        94          0          0          0          0         80   h1_alloc.o
        52          0          0          0          0         68   h1_extend.o
        78          0          0          0          0         80   h1_free.o
        14          0          0          0          0         84   h1_init.o
         6          0          0          0          0        152   heapauxi.o
         4          0          0          0          0        136   hguard.o
         0          0          0          0          0          0   indicate_semi.o
       138          0          0          0          0        168   init_alloc.o
        44         10        272          0          0         76   lc_ctype_c.o
        44         10         28          0          0         76   lc_numeric_c.o
         2          0          0          0          0          0   libinit.o
        38          0          0          0          0          0   libinit2.o
         2          0          0          0          0          0   libshutdown.o
         2          0          0          0          0          0   libshutdown2.o
         8          4          0          0         96         68   libspace.o
       138          0          0          0          0         80   lludiv10.o
         0          0          0          0          0          0   maybetermalloc1.o
        16          4          0          0          0         76   rt_ctype_table.o
         8          4          0          0          0         68   rt_errno_addr_intlibspace.o
         8          4          0          0          0         68   rt_heap_descriptor_intlibspace.o
         8          4          0          0          0         68   rt_locale_intlibspace.o
        68          0          0          0          0         68   rt_memclr.o
        78          0          0          0          0         80   rt_memclr_w.o
       138          0          0          0          0         68   rt_memcpy_v6.o
       100          0          0          0          0         80   rt_memcpy_w.o
         2          0          0          0          0          0   rtexit.o
        10          0          0          0          0          0   rtexit2.o
        20          0          0          0          0         68   strchr.o
       128          0          0          0          0         68   strcmpv7m.o
        62          0          0          0          0         76   strlen.o
        36          0          0          0          0         76   strncat.o
       150          0          0          0          0         80   strncmp.o
        36          0          0          0          0         80   strstr.o
       112          0          0          0          0         88   strtol.o
        12          4          0          0          0         68   sys_exit.o
        74          0          0          0          0         80   sys_stackheap_outer.o
        14          0          0          0          0         76   sys_wrch.o
        26          0          0          0          0         76   tolower.o
         2          0          0          0          0         68   use_no_semi.o
       826         16          0          0          0        348   daddsub_clz.o
        16          4          0          0          0         68   dcheck1.o
        24          0          0          0          0         68   dcmpi.o
       688        140          0          0          0        208   ddiv.o
        94          4          0          0          0         92   dfix.o
        46          0          0          0          0         68   dflt_clz.o
       120          4          0          0          0         92   dleqf.o
       340         12          0          0          0        104   dmul.o
       156          4          0          0          0         92   dnaninf.o
        12          0          0          0          0         68   dretinf.o
       108          0          0          0          0         80   drleqf.o
       460         56          0          0          0        120   dsqrt_noumaal.o
        86          4          0          0          0         84   f2d.o
        24          0          0          0          0         68   fcmpi.o
       388         76          0          0          0         96   fdiv.o
        38          0          0          0          0         68   fflt_clz.o
       104          4          0          0          0         84   fleqf.o
       258          4          0          0          0         84   fmul.o
       140          4          0          0          0         84   fnaninf.o
        10          0          0          0          0         68   fretinf.o
         4          0          0          0          0         68   printf1.o
       100          0          0          0          0         68   retnan.o
        92          0          0          0          0         68   scalbn.o
        48          0          0          0          0         68   trapv.o
         0          0          0          0          0          0   usenofp.o
        62         10          0          0          0        340   dunder.o
        40          0          0          0          0         68   fpclassify.o
       170          0          0          0          0         96   poly.o
      2488        190        136          0          0        300   pow.o
         0          0          8          0          0          0   qnan.o
        76          0          0          0          0         84   sqrt.o

    ----------------------------------------------------------------------
     14636        860        664          0         96       9464   Library Totals
        28          0          7          0          0          0   (incl. Padding)

    ----------------------------------------------------------------------

      Code (inc. data)   RO Data    RW Data    ZI Data      Debug   Library Name

      7590        328        513          0         96       6260   c_w.l
      4182        332          0          0          0       2316   fz_ws.l
      2836        200        144          0          0        888   m_ws.l

    ----------------------------------------------------------------------
     14636        860        664          0         96       9464   Library Totals

    ----------------------------------------------------------------------

==============================================================================


      Code (inc. data)   RO Data    RW Data    ZI Data      Debug   

     28152       3238       1120         88       2016     342581   Grand Totals
     28152       3238       1120         88       2016     342581   ELF Image Totals
     28152       3238       1120         88          0          0   ROM Totals

==============================================================================

    Total RO  Size (Code + RO Data)                29272 (  28.59kB)
    Total RW  Size (RW Data + ZI Data)              2104 (   2.05kB)
    Total ROM Size (Code + RO Data + RW Data)      29360 (  28.67kB)

==============================================================================

